Component: ARM Compiler 5.06 update 5 (build 528) Tool: armlink [4d35e2]

==============================================================================

Section Cross References

    startup_stm32f103xb.o(STACK) refers (Special) to heapauxi.o(.text) for __use_two_region_memory
    startup_stm32f103xb.o(HEAP) refers (Special) to heapauxi.o(.text) for __use_two_region_memory
    startup_stm32f103xb.o(RESET) refers (Special) to heapauxi.o(.text) for __use_two_region_memory
    startup_stm32f103xb.o(RESET) refers to startup_stm32f103xb.o(STACK) for __initial_sp
    startup_stm32f103xb.o(RESET) refers to startup_stm32f103xb.o(.text) for Reset_Handler
    startup_stm32f103xb.o(RESET) refers to stm32f1xx_it.o(i.NMI_Handler) for NMI_Handler
    startup_stm32f103xb.o(RESET) refers to stm32f1xx_it.o(i.HardFault_Handler) for HardFault_Handler
    startup_stm32f103xb.o(RESET) refers to stm32f1xx_it.o(i.MemManage_Handler) for MemManage_Handler
    startup_stm32f103xb.o(RESET) refers to stm32f1xx_it.o(i.BusFault_Handler) for BusFault_Handler
    startup_stm32f103xb.o(RESET) refers to stm32f1xx_it.o(i.UsageFault_Handler) for UsageFault_Handler
    startup_stm32f103xb.o(RESET) refers to port.o(.emb_text) for SVC_Handler
    startup_stm32f103xb.o(RESET) refers to stm32f1xx_it.o(i.DebugMon_Handler) for DebugMon_Handler
    startup_stm32f103xb.o(RESET) refers to port.o(i.SysTick_Handler) for SysTick_Handler
    startup_stm32f103xb.o(RESET) refers to stm32f1xx_it.o(i.DMA1_Channel5_IRQHandler) for DMA1_Channel5_IRQHandler
    startup_stm32f103xb.o(RESET) refers to stm32f1xx_it.o(i.TIM1_UP_IRQHandler) for TIM1_UP_IRQHandler
    startup_stm32f103xb.o(RESET) refers to stm32f1xx_it.o(i.TIM2_IRQHandler) for TIM2_IRQHandler
    startup_stm32f103xb.o(RESET) refers to stm32f1xx_it.o(i.I2C1_EV_IRQHandler) for I2C1_EV_IRQHandler
    startup_stm32f103xb.o(RESET) refers to stm32f1xx_it.o(i.I2C1_ER_IRQHandler) for I2C1_ER_IRQHandler
    startup_stm32f103xb.o(RESET) refers to stm32f1xx_it.o(i.USART1_IRQHandler) for USART1_IRQHandler
    startup_stm32f103xb.o(RESET) refers to stm32f1xx_it.o(i.EXTI15_10_IRQHandler) for EXTI15_10_IRQHandler
    startup_stm32f103xb.o(.text) refers (Special) to heapauxi.o(.text) for __use_two_region_memory
    startup_stm32f103xb.o(.text) refers to system_stm32f1xx.o(i.SystemInit) for SystemInit
    startup_stm32f103xb.o(.text) refers to __main.o(!!!main) for __main
    startup_stm32f103xb.o(.text) refers to startup_stm32f103xb.o(HEAP) for Heap_Mem
    startup_stm32f103xb.o(.text) refers to startup_stm32f103xb.o(STACK) for Stack_Mem
    ssd1306.o(i.ssd1306_Clear) refers to rt_memclr.o(.text) for __aeabi_memclr
    ssd1306.o(i.ssd1306_Clear) refers to ssd1306.o(.bss) for .bss
    ssd1306.o(i.ssd1306_Clear) refers to ssd1306.o(.data) for .data
    ssd1306.o(i.ssd1306_Init) refers to stm32f1xx_hal.o(i.HAL_Delay) for HAL_Delay
    ssd1306.o(i.ssd1306_Init) refers to ssd1306.o(i.ssd1306_WriteCommand) for ssd1306_WriteCommand
    ssd1306.o(i.ssd1306_Init) refers to ssd1306.o(i.ssd1306_Clear) for ssd1306_Clear
    ssd1306.o(i.ssd1306_SetContrast) refers to ssd1306.o(i.ssd1306_WriteCommand) for ssd1306_WriteCommand
    ssd1306.o(i.ssd1306_SetCursor) refers to ssd1306.o(.data) for .data
    ssd1306.o(i.ssd1306_UpdateScreen) refers to ssd1306.o(i.ssd1306_WriteCommand) for ssd1306_WriteCommand
    ssd1306.o(i.ssd1306_UpdateScreen) refers to stm32f1xx_hal_i2c.o(i.HAL_I2C_Mem_Write) for HAL_I2C_Mem_Write
    ssd1306.o(i.ssd1306_UpdateScreen) refers to ssd1306.o(.bss) for .bss
    ssd1306.o(i.ssd1306_UpdateScreen) refers to i2c.o(.bss) for hi2c1
    ssd1306.o(i.ssd1306_WriteChar) refers to ssd1306.o(i.ssd1306_WriteData) for ssd1306_WriteData
    ssd1306.o(i.ssd1306_WriteChar) refers to ssd1306.o(i.ssd1306_Clear) for ssd1306_Clear
    ssd1306.o(i.ssd1306_WriteChar) refers to ssd1306.o(i.ssd1306_SetCursor) for ssd1306_SetCursor
    ssd1306.o(i.ssd1306_WriteChar) refers to font5x8.o(.constdata) for font5x8
    ssd1306.o(i.ssd1306_WriteChar) refers to ssd1306.o(.data) for .data
    ssd1306.o(i.ssd1306_WriteCommand) refers to stm32f1xx_hal_i2c.o(i.HAL_I2C_Master_Transmit) for HAL_I2C_Master_Transmit
    ssd1306.o(i.ssd1306_WriteCommand) refers to i2c.o(.bss) for hi2c1
    ssd1306.o(i.ssd1306_WriteData) refers to stm32f1xx_hal_i2c.o(i.HAL_I2C_Master_Transmit) for HAL_I2C_Master_Transmit
    ssd1306.o(i.ssd1306_WriteData) refers to i2c.o(.bss) for hi2c1
    ssd1306.o(i.ssd1306_WriteData_Buffer) refers to ssd1306.o(i.ssd1306_WriteData) for ssd1306_WriteData
    ssd1306.o(i.ssd1306_WriteString) refers to ssd1306.o(.data) for .data
    ssd1306.o(i.ssd1306_WriteString) refers to font5x8.o(.constdata) for font5x8
    ssd1306.o(i.ssd1306_WriteString) refers to ssd1306.o(.bss) for .bss
    mpu6050.o(i.MPU6050_CalibrateGyro) refers to stm32f1xx_hal_i2c.o(i.HAL_I2C_Master_Transmit) for HAL_I2C_Master_Transmit
    mpu6050.o(i.MPU6050_CalibrateGyro) refers to stm32f1xx_hal_i2c.o(i.HAL_I2C_Master_Receive) for HAL_I2C_Master_Receive
[...]
    __rt_entry_sh                            0x080001d5   Thumb Code     0  __rtentry4.o(.ARM.Collect$$rtentry$$00000004)
    __rt_entry_li                            0x080001db   Thumb Code     0  __rtentry2.o(.ARM.Collect$$rtentry$$0000000A)
    __rt_entry_postsh_1                      0x080001db   Thumb Code     0  __rtentry2.o(.ARM.Collect$$rtentry$$00000009)
    __rt_entry_main                          0x080001df   Thumb Code     0  __rtentry2.o(.ARM.Collect$$rtentry$$0000000D)
    __rt_entry_postli_1                      0x080001df   Thumb Code     0  __rtentry2.o(.ARM.Collect$$rtentry$$0000000C)
    __rt_exit                                0x080001e7   Thumb Code     0  rtexit.o(.ARM.Collect$$rtexit$$00000000)
    __rt_exit_ls                             0x080001e9   Thumb Code     0  rtexit2.o(.ARM.Collect$$rtexit$$00000003)
    __rt_exit_prels_1                        0x080001e9   Thumb Code     0  rtexit2.o(.ARM.Collect$$rtexit$$00000002)
    __rt_exit_exit                           0x080001ed   Thumb Code     0  rtexit2.o(.ARM.Collect$$rtexit$$00000004)
    SVC_Handler                              0x080001f5   Thumb Code    32  port.o(.emb_text)
    __asm___6_port_c_39a90d8d__prvStartFirstTask 0x08000219   Thumb Code    28  port.o(.emb_text)
    PendSV_Handler                           0x08000239   Thumb Code    72  port.o(.emb_text)
    vPortGetIPSR                             0x08000285   Thumb Code     6  port.o(.emb_text)
    Reset_Handler                            0x0800028d   Thumb Code     8  startup_stm32f103xb.o(.text)
    ADC1_2_IRQHandler                        0x080002a7   Thumb Code     0  startup_stm32f103xb.o(.text)
    CAN1_RX1_IRQHandler                      0x080002a7   Thumb Code     0  startup_stm32f103xb.o(.text)
    CAN1_SCE_IRQHandler                      0x080002a7   Thumb Code     0  startup_stm32f103xb.o(.text)
    DMA1_Channel1_IRQHandler                 0x080002a7   Thumb Code     0  startup_stm32f103xb.o(.text)
    DMA1_Channel2_IRQHandler                 0x080002a7   Thumb Code     0  startup_stm32f103xb.o(.text)
    DMA1_Channel3_IRQHandler                 0x080002a7   Thumb Code     0  startup_stm32f103xb.o(.text)
    DMA1_Channel4_IRQHandler                 0x080002a7   Thumb Code     0  startup_stm32f103xb.o(.text)
    DMA1_Channel6_IRQHandler                 0x080002a7   Thumb Code     0  startup_stm32f103xb.o(.text)
    DMA1_Channel7_IRQHandler                 0x080002a7   Thumb Code     0  startup_stm32f103xb.o(.text)
    EXTI0_IRQHandler                         0x080002a7   Thumb Code     0  startup_stm32f103xb.o(.text)
    EXTI1_IRQHandler                         0x080002a7   Thumb Code     0  startup_stm32f103xb.o(.text)
    EXTI2_IRQHandler                         0x080002a7   Thumb Code     0  startup_stm32f103xb.o(.text)
    EXTI3_IRQHandler                         0x080002a7   Thumb Code     0  startup_stm32f103xb.o(.text)
    EXTI4_IRQHandler                         0x080002a7   Thumb Code     0  startup_stm32f103xb.o(.text)
    EXTI9_5_IRQHandler                       0x080002a7   Thumb Code     0  startup_stm32f103xb.o(.text)
    FLASH_IRQHandler                         0x080002a7   Thumb Code     0  startup_stm32f103xb.o(.text)
    I2C2_ER_IRQHandler                       0x080002a7   Thumb Code     0  startup_stm32f103xb.o(.text)
    I2C2_EV_IRQHandler                       0x080002a7   Thumb Code     0  startup_stm32f103xb.o(.text)
    PVD_IRQHandler                           0x080002a7   Thumb Code     0  startup_stm32f103xb.o(.text)
    RCC_IRQHandler                           0x080002a7   Thumb Code     0  startup_stm32f103xb.o(.text)
    RTC_Alarm_IRQHandler                     0x080002a7   Thumb Code     0  startup_stm32f103xb.o(.text)
    RTC_IRQHandler                           0x080002a7   Thumb Code     0  startup_stm32f103xb.o(.text)
    SPI1_IRQHandler                          0x080002a7   Thumb Code     0  startup_stm32f103xb.o(.text)
    SPI2_IRQHandler                          0x080002a7   Thumb Code     0  startup_stm32f103xb.o(.text)
    TAMPER_IRQHandler                        0x080002a7   Thumb Code     0  startup_stm32f103xb.o(.text)
    TIM1_BRK_IRQHandler                      0x080002a7   Thumb Code     0  startup_stm32f103xb.o(.text)
    TIM1_CC_IRQHandler                       0x080002a7   Thumb Code     0  startup_stm32f103xb.o(.text)
    TIM1_TRG_COM_IRQHandler                  0x080002a7   Thumb Code     0  startup_stm32f103xb.o(.text)
    TIM3_IRQHandler                          0x080002a7   Thumb Code     0  startup_stm32f103xb.o(.text)
    TIM4_IRQHandler                          0x080002a7   Thumb Code     0  startup_stm32f103xb.o(.text)
    USART2_IRQHandler                        0x080002a7   Thumb Code     0  startup_stm32f103xb.o(.text)
    USART3_IRQHandler                        0x080002a7   Thumb Code     0  startup_stm32f103xb.o(.text)
    USBWakeUp_IRQHandler                     0x080002a7   Thumb Code     0  startup_stm32f103xb.o(.text)
    USB_HP_CAN1_TX_IRQHandler                0x080002a7   Thumb Code     0  startup_stm32f103xb.o(.text)
    USB_LP_CAN1_RX0_IRQHandler               0x080002a7   Thumb Code     0  startup_stm32f103xb.o(.text)
    WWDG_IRQHandler                          0x080002a7   Thumb Code     0  startup_stm32f103xb.o(.text)
    __user_initial_stackheap                 0x080002a9   Thumb Code     0  startup_stm32f103xb.o(.text)
    __2sprintf                               0x080002cd   Thumb Code    34  noretval__2sprintf.o(.text)
    _printf_pre_padding                      0x080002f5   Thumb Code    44  _printf_pad.o(.text)
    _printf_post_padding                     0x08000321   Thumb Code    34  _printf_pad.o(.text)
    _printf_str                              0x08000343   Thumb Code    82  _printf_str.o(.text)
    _printf_int_dec                          0x08000395   Thumb Code   104  _printf_dec.o(.text)
    __printf                                 0x0800040d   Thumb Code   388  __printf_flags_ss_wp.o(.text)
    memcmp                                   0x08000595   Thumb Code    88  memcmp.o(.text)
    strlen                                   0x080005ed   Thumb Code    62  strlen.o(.text)
    __aeabi_memcpy                           0x0800062b   Thumb Code     0  rt_memcpy_v6.o(.text)
    __rt_memcpy                              0x0800062b   Thumb Code   138  rt_memcpy_v6.o(.text)
    _memcpy_lastbytes                        0x08000691   Thumb Code     0  rt_memcpy_v6.o(.text)
    __aeabi_memcpy4                          0x080006b5   Thumb Code     0  rt_memcpy_w.o(.text)
    __aeabi_memcpy8                          0x080006b5   Thumb Code     0  rt_memcpy_w.o(.text)
    __rt_memcpy_w                            0x080006b5   Thumb Code   100  rt_memcpy_w.o(.text)
    _memcpy_lastbytes_aligned                0x080006fd   Thumb Code     0  rt_memcpy_w.o(.text)
    __aeabi_memclr                           0x08000719   Thumb Code     0  rt_memclr.o(.text)
    __rt_memclr                              0x08000719   Thumb Code    68  rt_memclr.o(.text)
    _memset                                  0x0800071d   Thumb Code     0  rt_memclr.o(.text)
    __aeabi_memclr4                          0x0800075d   Thumb Code     0  rt_memclr_w.o(.text)
    __aeabi_memclr8                          0x0800075d   Thumb Code     0  rt_memclr_w.o(.text)
    __rt_memclr_w                            0x0800075d   Thumb Code    78  rt_memclr_w.o(.text)
    _memset_w                                0x08000761   Thumb Code     0  rt_memclr_w.o(.text)
    __use_two_region_memory                  0x080007ab   Thumb Code     2  heapauxi.o(.text)
    __rt_heap_escrow$2region                 0x080007ad   Thumb Code     2  heapauxi.o(.text)
    __rt_heap_expand$2region                 0x080007af   Thumb Code     2  heapauxi.o(.text)
    __read_errno                             0x080007b1   Thumb Code    10  _rserrno.o(.text)
    __set_errno                              0x080007bb   Thumb Code    12  _rserrno.o(.text)
    _printf_int_common                       0x080007c7   Thumb Code   178  _printf_intcommon.o(.text)
    __lib_sel_fp_printf                      0x08000879   Thumb Code     2  _printf_fp_dec.o(.text)
    _printf_fp_dec_real                      0x08000a2b   Thumb Code   620  _printf_fp_dec.o(.text)
    _printf_char_common                      0x08000ca3   Thumb Code    32  _printf_char_common.o(.text)
    _sputc                                   0x08000cc9   Thumb Code    10  _sputc.o(.text)
    _printf_cs_common                        0x08000cd3   Thumb Code    20  _printf_char.o(.text)
    _printf_char                             0x08000ce7   Thumb Code    16  _printf_char.o(.text)
    _printf_string                           0x08000cf7   Thumb Code     8  _printf_char.o(.text)
    __rt_locale                              0x08000d01   Thumb Code     8  rt_locale_intlibspace.o(.text)
    __aeabi_errno_addr                       0x08000d09   Thumb Code     8  rt_errno_addr_intlibspace.o(.text)
    __errno$intlibspace                      0x08000d09   Thumb Code     0  rt_errno_addr_intlibspace.o(.text)
    __rt_errno_addr$intlibspace              0x08000d09   Thumb Code     0  rt_errno_addr_intlibspace.o(.text)
    _ll_udiv10                               0x08000d11   Thumb Code   138  lludiv10.o(.text)
    _printf_fp_infnan                        0x08000d9d   Thumb Code   112  _printf_fp_infnan.o(.text)
    _btod_etento                             0x08000e1d   Thumb Code   224  bigflt0.o(.text)
    __user_libspace                          0x08000f01   Thumb Code     8  libspace.o(.text)
    __user_perproc_libspace                  0x08000f01   Thumb Code     0  libspace.o(.text)
    __user_perthread_libspace                0x08000f01   Thumb Code     0  libspace.o(.text)
    __user_setup_stackheap                   0x08000f09   Thumb Code    74  sys_stackheap_outer.o(.text)
    exit                                     0x08000f53   Thumb Code    18  exit.o(.text)
    strcmp                                   0x08000f65   Thumb Code   128  strcmpv7m.o(.text)
    _sys_exit                                0x08000fe5   Thumb Code     8  sys_exit.o(.text)
    __I$use$semihosting                      0x08000ff1   Thumb Code     0  use_no_semi.o(.text)
    __use_no_semihosting_swi                 0x08000ff1   Thumb Code     2  use_no_semi.o(.text)
    __semihosting_library_function           0x08000ff3   Thumb Code     0  indicate_semi.o(.text)
    _btod_d2e                                0x08000ff3   Thumb Code    62  btod.o(CL$$btod_d2e)
    _d2e_denorm_low                          0x08001031   Thumb Code    70  btod.o(CL$$btod_d2e_denorm_low)
    _d2e_norm_op1                            0x08001077   Thumb Code    96  btod.o(CL$$btod_d2e_norm_op1)
    __btod_div_common                        0x080010d7   Thumb Code   696  btod.o(CL$$btod_div_common)
    _e2e                                     0x0800140f   Thumb Code   220  btod.o(CL$$btod_e2e)
    _btod_ediv                               0x080014eb   Thumb Code    42  btod.o(CL$$btod_ediv)
    _btod_emul                               0x08001515   Thumb Code    42  btod.o(CL$$btod_emul)
    __btod_mult_common                       0x0800153f   Thumb Code   580  btod.o(CL$$btod_mult_common)
    Beep_Set                                 0x08001785   Thumb Code    18  gpio.o(i.Beep_Set)
    Bluetooth_Init                           0x0800179d   Thumb Code    34  bluetooth.o(i.Bluetooth_Init)
    Bluetooth_ProcessReceived                0x080017cd   Thumb Code    50  bluetooth.o(i.Bluetooth_ProcessReceived)
    Bluetooth_RxIdleCallback                 0x0800180d   Thumb Code    20  bluetooth.o(i.Bluetooth_RxIdleCallback)
    Bluetooth_SendSensorText                 0x08001829   Thumb Code   120  bluetooth.o(i.Bluetooth_SendSensorText)
    Bluetooth_SendStepData                   0x080018d9   Thumb Code    66  bluetooth.o(i.Bluetooth_SendStepData)
    BusFault_Handler                         0x08001921   Thumb Code     2  stm32f1xx_it.o(i.BusFault_Handler)
    DMA1_Channel5_IRQHandler                 0x08001939   Thumb Code     6  stm32f1xx_it.o(i.DMA1_Channel5_IRQHandler)
    DebugMon_Handler                         0x0800196f   Thumb Code     2  stm32f1xx_it.o(i.DebugMon_Handler)
    EXTI15_10_IRQHandler                     0x08001971   Thumb Code    18  stm32f1xx_it.o(i.EXTI15_10_IRQHandler)
    Error_Handler                            0x08001989   Thumb Code     4  main.o(i.Error_Handler)
    GetGlobalStep                            0x0800198d   Thumb Code     6  freertos.o(i.GetGlobalStep)
    GetGlobalTimeBuf                         0x08001999   Thumb Code     4  freertos.o(i.GetGlobalTimeBuf)
    HAL_DMA_Abort                            0x080019a1   Thumb Code    70  stm32f1xx_hal_dma.o(i.HAL_DMA_Abort)
    HAL_DMA_Abort_IT                         0x080019e9   Thumb Code   148  stm32f1xx_hal_dma.o(i.HAL_DMA_Abort_IT)
    HAL_DMA_GetState                         0x08001a81   Thumb Code     6  stm32f1xx_hal_dma.o(i.HAL_DMA_GetState)
    HAL_DMA_IRQHandler                       0x08001a89   Thumb Code   316  stm32f1xx_hal_dma.o(i.HAL_DMA_IRQHandler)
    HAL_DMA_Init                             0x08001bdd   Thumb Code    84  stm32f1xx_hal_dma.o(i.HAL_DMA_Init)
    HAL_DMA_Start_IT                         0x08001c39   Thumb Code   112  stm32f1xx_hal_dma.o(i.HAL_DMA_Start_IT)
    HAL_Delay                                0x08001ca9   Thumb Code    32  stm32f1xx_hal.o(i.HAL_Delay)
    HAL_GPIO_EXTI_Callback                   0x08001ccd   Thumb Code     2  stm32f1xx_hal_gpio.o(i.HAL_GPIO_EXTI_Callback)
    HAL_GPIO_EXTI_IRQHandler                 0x08001cd1   Thumb Code    18  stm32f1xx_hal_gpio.o(i.HAL_GPIO_EXTI_IRQHandler)
    HAL_GPIO_Init                            0x08001ce9   Thumb Code   446  stm32f1xx_hal_gpio.o(i.HAL_GPIO_Init)
    HAL_GPIO_ReadPin                         0x08001ec9   Thumb Code    10  stm32f1xx_hal_gpio.o(i.HAL_GPIO_ReadPin)
    HAL_GPIO_WritePin                        0x08001ed3   Thumb Code    10  stm32f1xx_hal_gpio.o(i.HAL_GPIO_WritePin)
    HAL_GetTick                              0x08001edd   Thumb Code     6  stm32f1xx_hal.o(i.HAL_GetTick)
    HAL_I2C_AbortCpltCallback                0x08001ee9   Thumb Code     2  stm32f1xx_hal_i2c.o(i.HAL_I2C_AbortCpltCallback)
    HAL_I2C_AddrCallback                     0x08001eeb   Thumb Code     2  stm32f1xx_hal_i2c.o(i.HAL_I2C_AddrCallback)
    HAL_I2C_ER_IRQHandler                    0x08001eed   Thumb Code   196  stm32f1xx_hal_i2c.o(i.HAL_I2C_ER_IRQHandler)
    HAL_I2C_EV_IRQHandler                    0x08001fb1   Thumb Code   560  stm32f1xx_hal_i2c.o(i.HAL_I2C_EV_IRQHandler)
    HAL_I2C_ErrorCallback                    0x080021e1   Thumb Code     2  stm32f1xx_hal_i2c.o(i.HAL_I2C_ErrorCallback)
    HAL_I2C_Init                             0x080021e5   Thumb Code   376  stm32f1xx_hal_i2c.o(i.HAL_I2C_Init)
    HAL_I2C_ListenCpltCallback               0x0800236d   Thumb Code     2  stm32f1xx_hal_i2c.o(i.HAL_I2C_ListenCpltCallback)
    HAL_I2C_MasterRxCpltCallback             0x0800236f   Thumb Code     2  stm32f1xx_hal_i2c.o(i.HAL_I2C_MasterRxCpltCallback)
    HAL_I2C_MasterTxCpltCallback             0x08002371   Thumb Code     2  stm32f1xx_hal_i2c.o(i.HAL_I2C_MasterTxCpltCallback)
    HAL_I2C_Master_Receive                   0x08002375   Thumb Code   576  stm32f1xx_hal_i2c.o(i.HAL_I2C_Master_Receive)
    HAL_I2C_Master_Transmit                  0x080025c5   Thumb Code   290  stm32f1xx_hal_i2c.o(i.HAL_I2C_Master_Transmit)
    HAL_I2C_MemRxCpltCallback                0x080026f1   Thumb Code     2  stm32f1xx_hal_i2c.o(i.HAL_I2C_MemRxCpltCallback)
    HAL_I2C_MemTxCpltCallback                0x080026f3   Thumb Code     2  stm32f1xx_hal_i2c.o(i.HAL_I2C_MemTxCpltCallback)
    HAL_I2C_Mem_Write                        0x080026f5   Thumb Code   294  stm32f1xx_hal_i2c.o(i.HAL_I2C_Mem_Write)
    HAL_I2C_MspInit                          0x08002825   Thumb Code   112  i2c.o(i.HAL_I2C_MspInit)
    HAL_I2C_SlaveRxCpltCallback              0x080028a1   Thumb Code     2  stm32f1xx_hal_i2c.o(i.HAL_I2C_SlaveRxCpltCallback)
    HAL_I2C_SlaveTxCpltCallback              0x080028a3   Thumb Code     2  stm32f1xx_hal_i2c.o(i.HAL_I2C_SlaveTxCpltCallback)
    HAL_IncTick                              0x080028a5   Thumb Code    12  stm32f1xx_hal.o(i.HAL_IncTick)
    HAL_Init                                 0x080028b5   Thumb Code    32  stm32f1xx_hal.o(i.HAL_Init)
    HAL_InitTick                             0x080028d9   Thumb Code   118  stm32f1xx_hal_timebase_tim.o(i.HAL_InitTick)
    HAL_MspInit                              0x08002965   Thumb Code    62  stm32f1xx_hal_msp.o(i.HAL_MspInit)
    HAL_NVIC_EnableIRQ                       0x080029ad   Thumb Code    26  stm32f1xx_hal_cortex.o(i.HAL_NVIC_EnableIRQ)
    HAL_NVIC_SetPriority                     0x080029c9   Thumb Code    60  stm32f1xx_hal_cortex.o(i.HAL_NVIC_SetPriority)
    HAL_NVIC_SetPriorityGrouping             0x08002a09   Thumb Code    26  stm32f1xx_hal_cortex.o(i.HAL_NVIC_SetPriorityGrouping)
    HAL_RCC_ClockConfig                      0x08002a2d   Thumb Code   280  stm32f1xx_hal_rcc.o(i.HAL_RCC_ClockConfig)
    HAL_RCC_GetClockConfig                   0x08002b59   Thumb Code    54  stm32f1xx_hal_rcc.o(i.HAL_RCC_GetClockConfig)
    HAL_RCC_GetPCLK1Freq                     0x08002b99   Thumb Code    20  stm32f1xx_hal_rcc.o(i.HAL_RCC_GetPCLK1Freq)
    HAL_RCC_GetPCLK2Freq                     0x08002bb9   Thumb Code    20  stm32f1xx_hal_rcc.o(i.HAL_RCC_GetPCLK2Freq)
    HAL_RCC_GetSysClockFreq                  0x08002bd9   Thumb Code    58  stm32f1xx_hal_rcc.o(i.HAL_RCC_GetSysClockFreq)
    HAL_RCC_OscConfig                        0x08002c25   Thumb Code   778  stm32f1xx_hal_rcc.o(i.HAL_RCC_OscConfig)
    HAL_TIMEx_BreakCallback                  0x08002f45   Thumb Code     2  stm32f1xx_hal_tim_ex.o(i.HAL_TIMEx_BreakCallback)
    HAL_TIMEx_CommutCallback                 0x08002f47   Thumb Code     2  stm32f1xx_hal_tim_ex.o(i.HAL_TIMEx_CommutCallback)
    HAL_TIMEx_MasterConfigSynchronization    0x08002f49   Thumb Code    92  stm32f1xx_hal_tim_ex.o(i.HAL_TIMEx_MasterConfigSynchronization)
    HAL_TIM_Base_Init                        0x08002fb1   Thumb Code    90  stm32f1xx_hal_tim.o(i.HAL_TIM_Base_Init)
    HAL_TIM_Base_MspInit                     0x0800300d   Thumb Code    50  tim.o(i.HAL_TIM_Base_MspInit)
    HAL_TIM_Base_Start_IT                    0x08003045   Thumb Code    76  stm32f1xx_hal_tim.o(i.HAL_TIM_Base_Start_IT)
    HAL_TIM_ConfigClockSource                0x0800309d   Thumb Code   220  stm32f1xx_hal_tim.o(i.HAL_TIM_ConfigClockSource)
    HAL_TIM_Encoder_Init                     0x08003179   Thumb Code   164  stm32f1xx_hal_tim.o(i.HAL_TIM_Encoder_Init)
    HAL_TIM_Encoder_MspInit                  0x0800321d   Thumb Code    76  tim.o(i.HAL_TIM_Encoder_MspInit)
    HAL_TIM_Encoder_Start                    0x08003275   Thumb Code   142  stm32f1xx_hal_tim.o(i.HAL_TIM_Encoder_Start)
    HAL_TIM_IC_CaptureCallback               0x08003303   Thumb Code     2  stm32f1xx_hal_tim.o(i.HAL_TIM_IC_CaptureCallback)
    HAL_TIM_IRQHandler                       0x08003305   Thumb Code   304  stm32f1xx_hal_tim.o(i.HAL_TIM_IRQHandler)
    HAL_TIM_OC_DelayElapsedCallback          0x08003435   Thumb Code     2  stm32f1xx_hal_tim.o(i.HAL_TIM_OC_DelayElapsedCallback)
    HAL_TIM_PWM_PulseFinishedCallback        0x08003437   Thumb Code     2  stm32f1xx_hal_tim.o(i.HAL_TIM_PWM_PulseFinishedCallback)
    HAL_TIM_PeriodElapsedCallback            0x08003439   Thumb Code    14  main.o(i.HAL_TIM_PeriodElapsedCallback)
    HAL_TIM_TriggerCallback                  0x0800344d   Thumb Code     2  stm32f1xx_hal_tim.o(i.HAL_TIM_TriggerCallback)
    HAL_UARTEx_RxEventCallback               0x0800344f   Thumb Code     2  stm32f1xx_hal_uart.o(i.HAL_UARTEx_RxEventCallback)
    HAL_UART_ErrorCallback                   0x08003451   Thumb Code     2  stm32f1xx_hal_uart.o(i.HAL_UART_ErrorCallback)
    HAL_UART_IRQHandler                      0x08003455   Thumb Code   616  stm32f1xx_hal_uart.o(i.HAL_UART_IRQHandler)
    HAL_UART_Init                            0x080036c1   Thumb Code   100  stm32f1xx_hal_uart.o(i.HAL_UART_Init)
    HAL_UART_MspInit                         0x08003725   Thumb Code   154  usart.o(i.HAL_UART_MspInit)
    HAL_UART_Receive_DMA                     0x080037d5   Thumb Code    28  stm32f1xx_hal_uart.o(i.HAL_UART_Receive_DMA)
    HAL_UART_RxCpltCallback                  0x080037f1   Thumb Code     2  stm32f1xx_hal_uart.o(i.HAL_UART_RxCpltCallback)
    HAL_UART_RxHalfCpltCallback              0x080037f3   Thumb Code     2  stm32f1xx_hal_uart.o(i.HAL_UART_RxHalfCpltCallback)
    HAL_UART_Transmit                        0x080037f5   Thumb Code   160  stm32f1xx_hal_uart.o(i.HAL_UART_Transmit)
    HAL_UART_TxCpltCallback                  0x08003895   Thumb Code     2  stm32f1xx_hal_uart.o(i.HAL_UART_TxCpltCallback)
    HardFault_Handler                        0x08003899   Thumb Code    20  stm32f1xx_it.o(i.HardFault_Handler)
    I2C1_ER_IRQHandler                       0x080038b9   Thumb Code     6  stm32f1xx_it.o(i.I2C1_ER_IRQHandler)
    I2C1_EV_IRQHandler                       0x080038c5   Thumb Code     6  stm32f1xx_it.o(i.I2C1_EV_IRQHandler)
    IncrementTime                            0x08004787   Thumb Code    52  freertos_tasks.o(i.IncrementTime)
    MPU6050_CalibrateGyro                    0x080047bd   Thumb Code   190  mpu6050.o(i.MPU6050_CalibrateGyro)
    MPU6050_Init                             0x08004891   Thumb Code   190  mpu6050.o(i.MPU6050_Init)
    MPU6050_ReadAll                          0x0800496d   Thumb Code   520  mpu6050.o(i.MPU6050_ReadAll)
    MX_DMA_Init                              0x08004bad   Thumb Code    40  dma.o(i.MX_DMA_Init)
    MX_FREERTOS_Init                         0x08004bd9   Thumb Code   606  freertos.o(i.MX_FREERTOS_Init)
    MX_GPIO_Init                             0x08004f5d   Thumb Code   164  gpio.o(i.MX_GPIO_Init)
    MX_I2C1_Init                             0x0800500d   Thumb Code    50  i2c.o(i.MX_I2C1_Init)
    MX_TIM2_Init                             0x0800504d   Thumb Code    98  tim.o(i.MX_TIM2_Init)
    MX_TIM3_Init                             0x080050b5   Thumb Code   118  tim.o(i.MX_TIM3_Init)
    MX_USART1_UART_Init                      0x08005135   Thumb Code    48  usart.o(i.MX_USART1_UART_Init)
    MemManage_Handler                        0x0800516d   Thumb Code     2  stm32f1xx_it.o(i.MemManage_Handler)
    NMI_Handler                              0x0800516f   Thumb Code     2  stm32f1xx_it.o(i.NMI_Handler)
    ReadEncoderButton                        0x080052c1   Thumb Code   112  freertos_tasks.o(i.ReadEncoderButton)
    SetAlarm                                 0x08005339   Thumb Code     8  freertos.o(i.SetAlarm)
    StepDetection                            0x08005345   Thumb Code   180  freertos_tasks.o(i.StepDetection)
    SysTick_Handler                          0x08005401   Thumb Code    38  port.o(i.SysTick_Handler)
    SystemClock_Config                       0x0800542d   Thumb Code    94  main.o(i.SystemClock_Config)
    SystemInit                               0x0800548b   Thumb Code     2  system_stm32f1xx.o(i.SystemInit)
    TIM1_UP_IRQHandler                       0x0800548d   Thumb Code     6  stm32f1xx_it.o(i.TIM1_UP_IRQHandler)
    TIM2_IRQHandler                          0x08005499   Thumb Code     6  stm32f1xx_it.o(i.TIM2_IRQHandler)
    TIM_Base_SetConfig                       0x080054a5   Thumb Code   108  stm32f1xx_hal_tim.o(i.TIM_Base_SetConfig)
    TIM_CCxChannelCmd                        0x0800551d   Thumb Code    26  stm32f1xx_hal_tim.o(i.TIM_CCxChannelCmd)
    TIM_ETR_SetConfig                        0x08005537   Thumb Code    20  stm32f1xx_hal_tim.o(i.TIM_ETR_SetConfig)
    UART_Start_Receive_DMA                   0x08005885   Thumb Code   130  stm32f1xx_hal_uart.o(i.UART_Start_Receive_DMA)
    USART1_IRQHandler                        0x08005989   Thumb Code    28  stm32f1xx_it.o(i.USART1_IRQHandler)
    UsageFault_Handler                       0x080059c5   Thumb Code     2  stm32f1xx_it.o(i.UsageFault_Handler)
    __ARM_fpclassify                         0x080059c7   Thumb Code    40  fpclassify.o(i.__ARM_fpclassify)
    __ARM_fpclassifyf                        0x080059ef   Thumb Code    38  fpclassifyf.o(i.__ARM_fpclassifyf)
    __mathlib_flt_infnan2                    0x08005a35   Thumb Code     4  funder.o(i.__mathlib_flt_infnan2)
    __mathlib_flt_underflow                  0x08005a39   Thumb Code    10  funder.o(i.__mathlib_flt_underflow)
    _is_digit                                0x08005a43   Thumb Code    14  __printf_wp.o(i._is_digit)
    atan2f                                   0x08005a51   Thumb Code   528  atan2f.o(i.atan2f)
    main                                     0x08005cb9   Thumb Code   108  main.o(i.main)
    osKernelStart                            0x08005d61   Thumb Code    10  cmsis_os.o(i.osKernelStart)
    osMutexCreate                            0x08005d6b   Thumb Code    16  cmsis_os.o(i.osMutexCreate)
    osMutexRelease                           0x08005d7d   Thumb Code    74  cmsis_os.o(i.osMutexRelease)
    osMutexWait                              0x08005dcd   Thumb Code    96  cmsis_os.o(i.osMutexWait)
    osSemaphoreCreate                        0x08005e31   Thumb Code    62  cmsis_os.o(i.osSemaphoreCreate)
    osSemaphoreRelease                       0x08005e71   Thumb Code    74  cmsis_os.o(i.osSemaphoreRelease)
    osSemaphoreWait                          0x08005ec1   Thumb Code    96  cmsis_os.o(i.osSemaphoreWait)
    osThreadCreate                           0x08005f25   Thumb Code    84  cmsis_os.o(i.osThreadCreate)
    pvPortMalloc                             0x0800640d   Thumb Code   216  heap_4.o(i.pvPortMalloc)
    pvTaskIncrementMutexHeldCount            0x080064e9   Thumb Code    18  tasks.o(i.pvTaskIncrementMutexHeldCount)
    pxPortInitialiseStack                    0x08006501   Thumb Code    32  port.o(i.pxPortInitialiseStack)
    sqrtf                                    0x08006525   Thumb Code    44  sqrtf.o(i.sqrtf)
    ssd1306_Clear                            0x08006551   Thumb Code    22  ssd1306.o(i.ssd1306_Clear)
    ssd1306_Init                             0x08006571   Thumb Code   166  ssd1306.o(i.ssd1306_Init)
    ssd1306_SetContrast                      0x08006617   Thumb Code    20  ssd1306.o(i.ssd1306_SetContrast)
    ssd1306_SetCursor                        0x0800662d   Thumb Code     8  ssd1306.o(i.ssd1306_SetCursor)
    ssd1306_UpdateScreen                     0x08006639   Thumb Code    66  ssd1306.o(i.ssd1306_UpdateScreen)
    ssd1306_WriteCommand                     0x08006685   Thumb Code    28  ssd1306.o(i.ssd1306_WriteCommand)
    ssd1306_WriteString                      0x080066a5   Thumb Code    88  ssd1306.o(i.ssd1306_WriteString)
    uxListRemove                             0x08006709   Thumb Code    38  list.o(i.uxListRemove)
    vApplicationGetIdleTaskMemory            0x08006731   Thumb Code    16  freertos.o(i.vApplicationGetIdleTaskMemory)
    vListInitialise                          0x08006745   Thumb Code    22  list.o(i.vListInitialise)
    vListInitialiseItem                      0x0800675b   Thumb Code     6  list.o(i.vListInitialiseItem)
    vListInsert                              0x08006761   Thumb Code    48  list.o(i.vListInsert)
    vListInsertEnd                           0x08006791   Thumb Code    24  list.o(i.vListInsertEnd)
    vPortEnterCritical                       0x080067a9   Thumb Code    54  port.o(i.vPortEnterCritical)
    vPortExitCritical                        0x080067e9   Thumb Code    34  port.o(i.vPortExitCritical)
    vPortFree                                0x08006811   Thumb Code    94  heap_4.o(i.vPortFree)
    vPortSetupTimerInterrupt                 0x08006875   Thumb Code    32  port.o(i.vPortSetupTimerInterrupt)
    vPortValidateInterruptPriority           0x08006899   Thumb Code    74  port.o(i.vPortValidateInterruptPriority)
    vTaskDelay                               0x080068ed   Thumb Code    66  tasks.o(i.vTaskDelay)
    vTaskDelayUntil                          0x08006939   Thumb Code   132  tasks.o(i.vTaskDelayUntil)
    vTaskDelete                              0x080069c5   Thumb Code   156  tasks.o(i.vTaskDelete)
    vTaskHardwareInit                        0x08006a71   Thumb Code   162  freertos.o(i.vTaskHardwareInit)
    vTaskInternalSetTimeOutState             0x08006b21   Thumb Code    12  tasks.o(i.vTaskInternalSetTimeOutState)
    vTaskMissedYield                         0x08006b31   Thumb Code     8  tasks.o(i.vTaskMissedYield)
    vTaskPlaceOnEventList                    0x08006b3d   Thumb Code    44  tasks.o(i.vTaskPlaceOnEventList)
    vTaskPriorityDisinheritAfterTimeout      0x08006b6d   Thumb Code   152  tasks.o(i.vTaskPriorityDisinheritAfterTimeout)
    vTaskStartScheduler                      0x08006c0d   Thumb Code    90  tasks.o(i.vTaskStartScheduler)
    vTaskSuspendAll                          0x08006c79   Thumb Code    10  tasks.o(i.vTaskSuspendAll)
    vTaskSwitchContext                       0x08006c89   Thumb Code    82  tasks.o(i.vTaskSwitchContext)
    vTask_Bluetooth                          0x08006ce5   Thumb Code    90  freertos.o(i.vTask_Bluetooth)
    vTask_Display                            0x08006d59   Thumb Code  2430  freertos.o(i.vTask_Display)
    vTask_Menu                               0x08007941   Thumb Code   892  freertos.o(i.vTask_Menu)
    vTask_Sensor                             0x08007cf5   Thumb Code   154  freertos.o(i.vTask_Sensor)
    vTask_TimeKeep                           0x08007d99   Thumb Code   166  freertos.o(i.vTask_TimeKeep)
    xPortStartScheduler                      0x08007e45   Thumb Code   154  port.o(i.xPortStartScheduler)
    xQueueCreateMutex                        0x08007eed   Thumb Code    22  queue.o(i.xQueueCreateMutex)
    xQueueCreateMutexStatic                  0x08007f03   Thumb Code    26  queue.o(i.xQueueCreateMutexStatic)
    xQueueGenericCreate                      0x08007f1d   Thumb Code    66  queue.o(i.xQueueGenericCreate)
    xQueueGenericCreateStatic                0x08007f5f   Thumb Code   102  queue.o(i.xQueueGenericCreateStatic)
    xQueueGenericReset                       0x08007fc5   Thumb Code   132  queue.o(i.xQueueGenericReset)
    xQueueGenericSend                        0x0800804d   Thumb Code   346  queue.o(i.xQueueGenericSend)
    xQueueGiveFromISR                        0x080081ad   Thumb Code   156  queue.o(i.xQueueGiveFromISR)
    xQueueReceive                            0x08008249   Thumb Code   308  queue.o(i.xQueueReceive)
    xQueueReceiveFromISR                     0x08008381   Thumb Code   154  queue.o(i.xQueueReceiveFromISR)
    xQueueSemaphoreTake                      0x0800841d   Thumb Code   372  queue.o(i.xQueueSemaphoreTake)
    xTaskCheckForTimeOut                     0x08008595   Thumb Code   112  tasks.o(i.xTaskCheckForTimeOut)
    xTaskCreate                              0x08008609   Thumb Code    90  tasks.o(i.xTaskCreate)
    xTaskCreateStatic                        0x08008663   Thumb Code    86  tasks.o(i.xTaskCreateStatic)
    xTaskGetSchedulerState                   0x080086b9   Thumb Code    22  tasks.o(i.xTaskGetSchedulerState)
    xTaskGetTickCount                        0x080086d5   Thumb Code     6  tasks.o(i.xTaskGetTickCount)
    xTaskIncrementTick                       0x080086e1   Thumb Code   194  tasks.o(i.xTaskIncrementTick)
    xTaskPriorityDisinherit                  0x080087ad   Thumb Code   144  tasks.o(i.xTaskPriorityDisinherit)
    xTaskPriorityInherit                     0x08008845   Thumb Code   130  tasks.o(i.xTaskPriorityInherit)
    xTaskRemoveFromEventList                 0x080088d1   Thumb Code   106  tasks.o(i.xTaskRemoveFromEventList)
    xTaskResumeAll                           0x08008949   Thumb Code   182  tasks.o(i.xTaskResumeAll)
    _get_lc_numeric                          0x08008a0d   Thumb Code    44  lc_numeric_c.o(locale$$code)
    __fpl_dretinf                            0x08008a39   Thumb Code    12  dretinf.o(x$fpl$dretinf)
    __aeabi_f2d                              0x08008a45   Thumb Code     0  f2d.o(x$fpl$f2d)
    _f2d                                     0x08008a45   Thumb Code    86  f2d.o(x$fpl$f2d)
    __aeabi_fadd                             0x08008a9d   Thumb Code     0  faddsub_clz.o(x$fpl$fadd)
    _fadd                                    0x08008a9d   Thumb Code   196  faddsub_clz.o(x$fpl$fadd)
    __fpl_fcheck_NaN1                        0x08008b61   Thumb Code     6  fcheck1.o(x$fpl$fcheck1)
    __fpl_fcmp_Inf                           0x08008b6d   Thumb Code    24  fcmpi.o(x$fpl$fcmpinf)
    __aeabi_fdiv                             0x08008b85   Thumb Code     0  fdiv.o(x$fpl$fdiv)
    _fdiv                                    0x08008b85   Thumb Code   384  fdiv.o(x$fpl$fdiv)
    __aeabi_i2f                              0x08008d09   Thumb Code     0  fflt_clz.o(x$fpl$fflt)
    _fflt                                    0x08008d09   Thumb Code    48  fflt_clz.o(x$fpl$fflt)
    __aeabi_ui2f                             0x08008d39   Thumb Code     0  fflt_clz.o(x$fpl$ffltu)
    _ffltu                                   0x08008d39   Thumb Code    38  fflt_clz.o(x$fpl$ffltu)
    __aeabi_cfcmple                          0x08008d61   Thumb Code     0  fleqf.o(x$fpl$fleqf)
    _fcmple                                  0x08008d61   Thumb Code   104  fleqf.o(x$fpl$fleqf)
    __fpl_fcmple_InfNaN                      0x08008db3   Thumb Code     0  fleqf.o(x$fpl$fleqf)
    __aeabi_fmul                             0x08008dc9   Thumb Code     0  fmul.o(x$fpl$fmul)
    _fmul                                    0x08008dc9   Thumb Code   258  fmul.o(x$fpl$fmul)
    __fpl_fnaninf                            0x08008ecb   Thumb Code   140  fnaninf.o(x$fpl$fnaninf)
    __fpl_fretinf                            0x08008f57   Thumb Code    10  fretinf.o(x$fpl$fretinf)
    __aeabi_cfrcmple                         0x08008f61   Thumb Code     0  frleqf.o(x$fpl$frleqf)
    _frcmple                                 0x08008f61   Thumb Code    98  frleqf.o(x$fpl$frleqf)
    __aeabi_frsub                            0x08008fc3   Thumb Code     0  faddsub_clz.o(x$fpl$frsb)
    _frsb                                    0x08008fc3   Thumb Code    20  faddsub_clz.o(x$fpl$frsb)
    _fsqrt                                   0x08008fd9   Thumb Code   272  fsqrt.o(x$fpl$fsqrt)
    __aeabi_fsub                             0x080090e9   Thumb Code     0  faddsub_clz.o(x$fpl$fsub)
    _fsub                                    0x080090e9   Thumb Code   234  faddsub_clz.o(x$fpl$fsub)
    _printf_fp_dec                           0x080091d3   Thumb Code     4  printf1.o(x$fpl$printf1)
    __fpl_return_NaN                         0x080091d7   Thumb Code   100  retnan.o(x$fpl$retnan)
    __ARM_scalbnf                            0x0800923b   Thumb Code    76  scalbnf.o(x$fpl$scalbnf)
    __fpl_cmpreturn                          0x08009287   Thumb Code    48  trapv.o(x$fpl$trapveneer)
    __I$use$fp                               0x080092b6   Number         0  usenofp.o(x$fpl$usenofp)
    font5x8                                  0x080092b6   Data         576  font5x8.o(.constdata)
    AHBPrescTable                            0x080095b2   Data          16  system_stm32f1xx.o(.constdata)
    APBPrescTable                            0x080095c2   Data           8  system_stm32f1xx.o(.constdata)
    Region$$Table$$Base                      0x080096c0   Number         0  anon$$obj.o(Region$$Table)
    Region$$Table$$Limit                     0x080096e0   Number         0  anon$$obj.o(Region$$Table)
    taskTimeKeepHandle                       0x2000006c   Data           4  freertos.o(.data)
    taskSensorHandle                         0x20000070   Data           4  freertos.o(.data)
    taskDisplayHandle                        0x20000074   Data           4  freertos.o(.data)
    taskMenuHandle                           0x20000078   Data           4  freertos.o(.data)
    taskBluetoothHandle                      0x2000007c   Data           4  freertos.o(.data)
    taskHwInitHandle                         0x20000080   Data           4  freertos.o(.data)
    queueSensorDataHandle                    0x20000084   Data           4  freertos.o(.data)
    queueTimeUpdateHandle                    0x20000088   Data           4  freertos.o(.data)
    queueMenuMsgHandle                       0x2000008c   Data           4  freertos.o(.data)
    queueBtCmdHandle                         0x20000090   Data           4  freertos.o(.data)
    queueStepDataHandle                      0x20000094   Data           4  freertos.o(.data)
    mutexI2CHandle                           0x20000098   Data           4  freertos.o(.data)
    mutexUARTHandle                          0x2000009c   Data           4  freertos.o(.data)
    semDisplayUpdateHandle                   0x200000a0   Data           4  freertos.o(.data)
    uwTickFreq                               0x200000b4   Data           1  stm32f1xx_hal.o(.data)
    uwTickPrio                               0x200000b8   Data           4  stm32f1xx_hal.o(.data)
    uwTick                                   0x200000bc   Data           4  stm32f1xx_hal.o(.data)
    SystemCoreClock                          0x200000c0   Data           4  system_stm32f1xx.o(.data)
    pxCurrentTCB                             0x200000c4   Data           4  tasks.o(.data)
    gyro_bias                                0x2000052c   Data          12  mpu6050.o(.bss)
    bt_rx_buf                                0x20000538   Data         256  bluetooth.o(.bss)
    hi2c1                                    0x2000095c   Data          84  i2c.o(.bss)
    htim2                                    0x200009b0   Data          72  tim.o(.bss)
    htim3                                    0x200009f8   Data          72  tim.o(.bss)
    huart1                                   0x20000a40   Data          72  usart.o(.bss)
    hdma_usart1_rx                           0x20000a88   Data          68  usart.o(.bss)
    htim1                                    0x20000acc   Data          72  stm32f1xx_hal_timebase_tim.o(.bss)
    __libspace_start                         0x20002df8   Data          96  libspace.o(.bss)
    __temporary_stack_top$libspace           0x20002e58   Data           0  libspace.o(.bss)



==============================================================================

Memory Map of the image

  Image Entry point : 0x080000ed

  Load Region LR_IROM1 (Base: 0x08000000, Size: 0x00009828, Max: 0x00010000, ABSOLUTE, COMPRESSED[0x00009720])

    Execution Region ER_IROM1 (Exec base: 0x08000000, Load base: 0x08000000, Size: 0x000096fc, Max: 0x00010000, ABSOLUTE)

    Exec Addr    Load Addr    Size         Type   Attr      Idx    E Section Name        Object

    0x08000000   0x08000000   0x000000ec   Data   RO            3    RESET               startup_stm32f103xb.o
    0x080000ec   0x080000ec   0x00000008   Code   RO         5226  * !!!main             c_w.l(__main.o)
    0x080000f4   0x080000f4   0x00000034   Code   RO         5538    !!!scatter          c_w.l(__scatter.o)
    0x08000128   0x08000128   0x0000005a   Code   RO         5536    !!dczerorl2         c_w.l(__dczerorl2.o)
    0x08000182   0x08000182   0x00000002   PAD
    0x08000184   0x08000184   0x0000001c   Code   RO         5540    !!handler_zi        c_w.l(__scatter_zi.o)
    0x080001a0   0x080001a0   0x00000000   Code   RO         5209    .ARM.Collect$$_printf_percent$$00000000  c_w.l(_printf_percent.o)
    0x080001a0   0x080001a0   0x00000006   Code   RO         5205    .ARM.Collect$$_printf_percent$$00000003  c_w.l(_printf_f.o)
    0x080001a6   0x080001a6   0x00000006   Code   RO         5203    .ARM.Collect$$_printf_percent$$00000009  c_w.l(_printf_d.o)
    0x080001ac   0x080001ac   0x00000006   Code   RO         5204    .ARM.Collect$$_printf_percent$$0000000A  c_w.l(_printf_u.o)
    0x080001b2   0x080001b2   0x00000006   Code   RO         5202    .ARM.Collect$$_printf_percent$$00000014  c_w.l(_printf_s.o)
    0x080001b8   0x080001b8   0x00000004   Code   RO         5298    .ARM.Collect$$_printf_percent$$00000017  c_w.l(_printf_percent_end.o)
    0x080001bc   0x080001bc   0x00000002   Code   RO         5407    .ARM.Collect$$libinit$$00000000  c_w.l(libinit.o)
    0x080001be   0x080001be   0x00000000   Code   RO         5409    .ARM.Collect$$libinit$$00000002  c_w.l(libinit2.o)
    0x080001be   0x080001be   0x00000000   Code   RO         5411    .ARM.Collect$$libinit$$00000004  c_w.l(libinit2.o)
    0x080001be   0x080001be   0x00000000   Code   RO         5414    .ARM.Collect$$libinit$$0000000A  c_w.l(libinit2.o)
    0x080001be   0x080001be   0x00000000   Code   RO         5416    .ARM.Collect$$libinit$$0000000C  c_w.l(libinit2.o)
    0x080001be   0x080001be   0x00000000   Code   RO         5418    .ARM.Collect$$libinit$$0000000E  c_w.l(libinit2.o)
    0x080001be   0x080001be   0x00000006   Code   RO         5419    .ARM.Collect$$libinit$$0000000F  c_w.l(libinit2.o)
    0x080001c4   0x080001c4   0x00000000   Code   RO         5421    .ARM.Collect$$libinit$$00000011  c_w.l(libinit2.o)
    0x080001c4   0x080001c4   0x00000000   Code   RO         5423    .ARM.Collect$$libinit$$00000013  c_w.l(libinit2.o)
    0x080001c4   0x080001c4   0x00000000   Code   RO         5425    .ARM.Collect$$libinit$$00000015  c_w.l(libinit2.o)
    0x080001c4   0x080001c4   0x0000000a   Code   RO         5426    .ARM.Collect$$libinit$$00000016  c_w.l(libinit2.o)
    0x080001ce   0x080001ce   0x00000000   Code   RO         5427    .ARM.Collect$$libinit$$00000017  c_w.l(libinit2.o)
    0x080001ce   0x080001ce   0x00000000   Code   RO         5429    .ARM.Collect$$libinit$$00000019  c_w.l(libinit2.o)
    0x080001ce   0x080001ce   0x00000000   Code   RO         5431    .ARM.Collect$$libinit$$0000001B  c_w.l(libinit2.o)
    0x080001ce   0x080001ce   0x00000000   Code   RO         5433    .ARM.Collect$$libinit$$0000001D  c_w.l(libinit2.o)
    0x080001ce   0x080001ce   0x00000000   Code   RO         5435    .ARM.Collect$$libinit$$0000001F  c_w.l(libinit2.o)
    0x080001ce   0x080001ce   0x00000000   Code   RO         5437    .ARM.Collect$$libinit$$00000021  c_w.l(libinit2.o)
    0x080001ce   0x080001ce   0x00000000   Code   RO         5439    .ARM.Collect$$libinit$$00000023  c_w.l(libinit2.o)
    0x080001ce   0x080001ce   0x00000000   Code   RO         5441    .ARM.Collect$$libinit$$00000025  c_w.l(libinit2.o)
    0x080001ce   0x080001ce   0x00000000   Code   RO         5445    .ARM.Collect$$libinit$$0000002C  c_w.l(libinit2.o)
    0x080001ce   0x080001ce   0x00000000   Code   RO         5447    .ARM.Collect$$libinit$$0000002E  c_w.l(libinit2.o)
    0x080001ce   0x080001ce   0x00000000   Code   RO         5449    .ARM.Collect$$libinit$$00000030  c_w.l(libinit2.o)
    0x080001ce   0x080001ce   0x00000000   Code   RO         5451    .ARM.Collect$$libinit$$00000032  c_w.l(libinit2.o)
    0x080001ce   0x080001ce   0x00000002   Code   RO         5452    .ARM.Collect$$libinit$$00000033  c_w.l(libinit2.o)
    0x080001d0   0x080001d0   0x00000002   Code   RO         5484    .ARM.Collect$$libshutdown$$00000000  c_w.l(libshutdown.o)
    0x080001d2   0x080001d2   0x00000000   Code   RO         5495    .ARM.Collect$$libshutdown$$00000002  c_w.l(libshutdown2.o)
    0x080001d2   0x080001d2   0x00000000   Code   RO         5497    .ARM.Collect$$libshutdown$$00000004  c_w.l(libshutdown2.o)
    0x080001d2   0x080001d2   0x00000000   Code   RO         5500    .ARM.Collect$$libshutdown$$00000007  c_w.l(libshutdown2.o)
    0x080001d2   0x080001d2   0x00000000   Code   RO         5503    .ARM.Collect$$libshutdown$$0000000A  c_w.l(libshutdown2.o)
    0x080001d2   0x080001d2   0x00000000   Code   RO         5505    .ARM.Collect$$libshutdown$$0000000C  c_w.l(libshutdown2.o)
    0x080001d2   0x080001d2   0x00000000   Code   RO         5508    .ARM.Collect$$libshutdown$$0000000F  c_w.l(libshutdown2.o)
    0x080001d2   0x080001d2   0x00000002   Code   RO         5509    .ARM.Collect$$libshutdown$$00000010  c_w.l(libshutdown2.o)
    0x080001d4   0x080001d4   0x00000000   Code   RO         5282    .ARM.Collect$$rtentry$$00000000  c_w.l(__rtentry.o)
    0x080001d4   0x080001d4   0x00000000   Code   RO         5329    .ARM.Collect$$rtentry$$00000002  c_w.l(__rtentry2.o)
    0x080001d4   0x080001d4   0x00000006   Code   RO         5341    .ARM.Collect$$rtentry$$00000004  c_w.l(__rtentry4.o)
    0x080001da   0x080001da   0x00000000   Code   RO         5331    .ARM.Collect$$rtentry$$00000009  c_w.l(__rtentry2.o)
    0x080001da   0x080001da   0x00000004   Code   RO         5332    .ARM.Collect$$rtentry$$0000000A  c_w.l(__rtentry2.o)
    0x080001de   0x080001de   0x00000000   Code   RO         5334    .ARM.Collect$$rtentry$$0000000C  c_w.l(__rtentry2.o)
    0x080001de   0x080001de   0x00000008   Code   RO         5335    .ARM.Collect$$rtentry$$0000000D  c_w.l(__rtentry2.o)
    0x080001e6   0x080001e6   0x00000002   Code   RO         5455    .ARM.Collect$$rtexit$$00000000  c_w.l(rtexit.o)
    0x080001e8   0x080001e8   0x00000000   Code   RO         5462    .ARM.Collect$$rtexit$$00000002  c_w.l(rtexit2.o)
    0x080001e8   0x080001e8   0x00000004   Code   RO         5463    .ARM.Collect$$rtexit$$00000003  c_w.l(rtexit2.o)
    0x080001ec   0x080001ec   0x00000006   Code   RO         5464    .ARM.Collect$$rtexit$$00000004  c_w.l(rtexit2.o)
    0x080001f2   0x080001f2   0x00000002   PAD
    0x080001f4   0x080001f4   0x00000096   Code   RO         5089    .emb_text           port.o
    0x0800028a   0x0800028a   0x00000002   PAD
    0x0800028c   0x0800028c   0x00000040   Code   RO            4    .text               startup_stm32f103xb.o
    0x080002cc   0x080002cc   0x00000028   Code   RO         5172    .text               c_w.l(noretval__2sprintf.o)
    0x080002f4   0x080002f4   0x0000004e   Code   RO         5176    .text               c_w.l(_printf_pad.o)
    0x08000342   0x08000342   0x00000052   Code   RO         5178    .text               c_w.l(_printf_str.o)
    0x08000394   0x08000394   0x00000078   Code   RO         5180    .text               c_w.l(_printf_dec.o)
    0x0800040c   0x0800040c   0x00000188   Code   RO         5199    .text               c_w.l(__printf_flags_ss_wp.o)
    0x08000594   0x08000594   0x00000058   Code   RO         5210    .text               c_w.l(memcmp.o)
    0x080005ec   0x080005ec   0x0000003e   Code   RO         5212    .text               c_w.l(strlen.o)
    0x0800062a   0x0800062a   0x0000008a   Code   RO         5214    .text               c_w.l(rt_memcpy_v6.o)
    0x080006b4   0x080006b4   0x00000064   Code   RO         5216    .text               c_w.l(rt_memcpy_w.o)
    0x08000718   0x08000718   0x00000044   Code   RO         5220    .text               c_w.l(rt_memclr.o)
    0x0800075c   0x0800075c   0x0000004e   Code   RO         5222    .text               c_w.l(rt_memclr_w.o)
    0x080007aa   0x080007aa   0x00000006   Code   RO         5224    .text               c_w.l(heapauxi.o)
    0x080007b0   0x080007b0   0x00000016   Code   RO         5283    .text               c_w.l(_rserrno.o)
    0x080007c6   0x080007c6   0x000000b2   Code   RO         5285    .text               c_w.l(_printf_intcommon.o)
    0x08000878   0x08000878   0x0000041e   Code   RO         5287    .text               c_w.l(_printf_fp_dec.o)
    0x08000c96   0x08000c96   0x00000002   PAD
    0x08000c98   0x08000c98   0x00000030   Code   RO         5292    .text               c_w.l(_printf_char_common.o)
    0x08000cc8   0x08000cc8   0x0000000a   Code   RO         5294    .text               c_w.l(_sputc.o)
    0x08000cd2   0x08000cd2   0x0000002c   Code   RO         5296    .text               c_w.l(_printf_char.o)
    0x08000cfe   0x08000cfe   0x00000002   PAD
    0x08000d00   0x08000d00   0x00000008   Code   RO         5346    .text               c_w.l(rt_locale_intlibspace.o)
    0x08000d08   0x08000d08   0x00000008   Code   RO         5351    .text               c_w.l(rt_errno_addr_intlibspace.o)
    0x08000d10   0x08000d10   0x0000008a   Code   RO         5353    .text               c_w.l(lludiv10.o)
    0x08000d9a   0x08000d9a   0x00000002   PAD
    0x08000d9c   0x08000d9c   0x00000080   Code   RO         5355    .text               c_w.l(_printf_fp_infnan.o)
    0x08000e1c   0x08000e1c   0x000000e4   Code   RO         5359    .text               c_w.l(bigflt0.o)
    0x08000f00   0x08000f00   0x00000008   Code   RO         5393    .text               c_w.l(libspace.o)
    0x08000f08   0x08000f08   0x0000004a   Code   RO         5396    .text               c_w.l(sys_stackheap_outer.o)
    0x08000f52   0x08000f52   0x00000012   Code   RO         5398    .text               c_w.l(exit.o)
    0x08000f64   0x08000f64   0x00000080   Code   RO         5400    .text               c_w.l(strcmpv7m.o)
    0x08000fe4   0x08000fe4   0x0000000c   Code   RO         5474    .text               c_w.l(sys_exit.o)
    0x08000ff0   0x08000ff0   0x00000002   Code   RO         5485    .text               c_w.l(use_no_semi.o)
    0x08000ff2   0x08000ff2   0x00000000   Code   RO         5487    .text               c_w.l(indicate_semi.o)
    0x08000ff2   0x08000ff2   0x0000003e   Code   RO         5362    CL$$btod_d2e        c_w.l(btod.o)
    0x08001030   0x08001030   0x00000046   Code   RO         5364    CL$$btod_d2e_denorm_low  c_w.l(btod.o)
    0x08001076   0x08001076   0x00000060   Code   RO         5363    CL$$btod_d2e_norm_op1  c_w.l(btod.o)
    0x080010d6   0x080010d6   0x00000338   Code   RO         5372    CL$$btod_div_common  c_w.l(btod.o)
    0x0800140e   0x0800140e   0x000000dc   Code   RO         5369    CL$$btod_e2e        c_w.l(btod.o)
    0x080014ea   0x080014ea   0x0000002a   Code   RO         5366    CL$$btod_ediv       c_w.l(btod.o)
    0x08001514   0x08001514   0x0000002a   Code   RO         5365    CL$$btod_emul       c_w.l(btod.o)
    0x0800153e   0x0800153e   0x00000244   Code   RO         5371    CL$$btod_mult_common  c_w.l(btod.o)
    0x08001782   0x08001782   0x00000002   PAD
    0x08001784   0x08001784   0x00000018   Code   RO          555    i.Beep_Set          gpio.o
    0x0800179c   0x0800179c   0x00000030   Code   RO          259    i.Bluetooth_Init    bluetooth.o
    0x080017cc   0x080017cc   0x00000040   Code   RO          260    i.Bluetooth_ProcessReceived  bluetooth.o
    0x0800180c   0x0800180c   0x0000001c   Code   RO          261    i.Bluetooth_RxIdleCallback  bluetooth.o
    0x08001828   0x08001828   0x000000b0   Code   RO          263    i.Bluetooth_SendSensorText  bluetooth.o
    0x080018d8   0x080018d8   0x00000048   Code   RO          264    i.Bluetooth_SendStepData  bluetooth.o
    0x08001920   0x08001920   0x00000002   Code   RO          875    i.BusFault_Handler  stm32f1xx_it.o
    0x08001922   0x08001922   0x00000016   Code   RO          265    i.CalculateFrameCHK  bluetooth.o
    0x08001938   0x08001938   0x0000000c   Code   RO          876    i.DMA1_Channel5_IRQHandler  stm32f1xx_it.o
    0x08001944   0x08001944   0x0000002a   Code   RO         2427    i.DMA_SetConfig     stm32f1xx_hal_dma.o
    0x0800196e   0x0800196e   0x00000002   Code   RO          877    i.DebugMon_Handler  stm32f1xx_it.o
    0x08001970   0x08001970   0x00000018   Code   RO          878    i.EXTI15_10_IRQHandler  stm32f1xx_it.o
    0x08001988   0x08001988   0x00000004   Code   RO          499    i.Error_Handler     main.o
    0x0800198c   0x0800198c   0x0000000c   Code   RO          586    i.GetGlobalStep     freertos.o
    0x08001998   0x08001998   0x00000008   Code   RO          587    i.GetGlobalTimeBuf  freertos.o
    0x080019a0   0x080019a0   0x00000046   Code   RO         2428    i.HAL_DMA_Abort     stm32f1xx_hal_dma.o
    0x080019e6   0x080019e6   0x00000002   PAD
    0x080019e8   0x080019e8   0x00000098   Code   RO         2429    i.HAL_DMA_Abort_IT  stm32f1xx_hal_dma.o
    0x08001a80   0x08001a80   0x00000006   Code   RO         2432    i.HAL_DMA_GetState  stm32f1xx_hal_dma.o
    0x08001a86   0x08001a86   0x00000002   PAD
    0x08001a88   0x08001a88   0x00000154   Code   RO         2433    i.HAL_DMA_IRQHandler  stm32f1xx_hal_dma.o
    0x08001bdc   0x08001bdc   0x0000005c   Code   RO         2434    i.HAL_DMA_Init      stm32f1xx_hal_dma.o
    0x08001c38   0x08001c38   0x00000070   Code   RO         2438    i.HAL_DMA_Start_IT  stm32f1xx_hal_dma.o
    0x08001ca8   0x08001ca8   0x00000024   Code   RO         2054    i.HAL_Delay         stm32f1xx_hal.o
    0x08001ccc   0x08001ccc   0x00000002   Code   RO         2362    i.HAL_GPIO_EXTI_Callback  stm32f1xx_hal_gpio.o
    0x08001cce   0x08001cce   0x00000002   PAD
    0x08001cd0   0x08001cd0   0x00000018   Code   RO         2363    i.HAL_GPIO_EXTI_IRQHandler  stm32f1xx_hal_gpio.o
    0x08001ce8   0x08001ce8   0x000001e0   Code   RO         2364    i.HAL_GPIO_Init     stm32f1xx_hal_gpio.o
    0x08001ec8   0x08001ec8   0x0000000a   Code   RO         2366    i.HAL_GPIO_ReadPin  stm32f1xx_hal_gpio.o
    0x08001ed2   0x08001ed2   0x0000000a   Code   RO         2368    i.HAL_GPIO_WritePin  stm32f1xx_hal_gpio.o
    0x08001edc   0x08001edc   0x0000000c   Code   RO         2058    i.HAL_GetTick       stm32f1xx_hal.o
    0x08001ee8   0x08001ee8   0x00000002   Code   RO         3024    i.HAL_I2C_AbortCpltCallback  stm32f1xx_hal_i2c.o
    0x08001eea   0x08001eea   0x00000002   Code   RO         3025    i.HAL_I2C_AddrCallback  stm32f1xx_hal_i2c.o
    0x08001eec   0x08001eec   0x000000c4   Code   RO         3028    i.HAL_I2C_ER_IRQHandler  stm32f1xx_hal_i2c.o
    0x08001fb0   0x08001fb0   0x00000230   Code   RO         3029    i.HAL_I2C_EV_IRQHandler  stm32f1xx_hal_i2c.o
    0x080021e0   0x080021e0   0x00000002   Code   RO         3031    i.HAL_I2C_ErrorCallback  stm32f1xx_hal_i2c.o
    0x080021e2   0x080021e2   0x00000002   PAD
    0x080021e4   0x080021e4   0x00000188   Code   RO         3035    i.HAL_I2C_Init      stm32f1xx_hal_i2c.o
    0x0800236c   0x0800236c   0x00000002   Code   RO         3037    i.HAL_I2C_ListenCpltCallback  stm32f1xx_hal_i2c.o
    0x0800236e   0x0800236e   0x00000002   Code   RO         3038    i.HAL_I2C_MasterRxCpltCallback  stm32f1xx_hal_i2c.o
    0x08002370   0x08002370   0x00000002   Code   RO         3039    i.HAL_I2C_MasterTxCpltCallback  stm32f1xx_hal_i2c.o
    0x08002372   0x08002372   0x00000002   PAD
    0x08002374   0x08002374   0x00000250   Code   RO         3041    i.HAL_I2C_Master_Receive  stm32f1xx_hal_i2c.o
    0x080025c4   0x080025c4   0x0000012c   Code   RO         3048    i.HAL_I2C_Master_Transmit  stm32f1xx_hal_i2c.o
    0x080026f0   0x080026f0   0x00000002   Code   RO         3051    i.HAL_I2C_MemRxCpltCallback  stm32f1xx_hal_i2c.o
    0x080026f2   0x080026f2   0x00000002   Code   RO         3052    i.HAL_I2C_MemTxCpltCallback  stm32f1xx_hal_i2c.o
    0x080026f4   0x080026f4   0x00000130   Code   RO         3056    i.HAL_I2C_Mem_Write  stm32f1xx_hal_i2c.o
    0x08002824   0x08002824   0x0000007c   Code   RO          731    i.HAL_I2C_MspInit   i2c.o
    0x080028a0   0x080028a0   0x00000002   Code   RO         3061    i.HAL_I2C_SlaveRxCpltCallback  stm32f1xx_hal_i2c.o
    0x080028a2   0x080028a2   0x00000002   Code   RO         3062    i.HAL_I2C_SlaveTxCpltCallback  stm32f1xx_hal_i2c.o
    0x080028a4   0x080028a4   0x00000010   Code   RO         2064    i.HAL_IncTick       stm32f1xx_hal.o
    0x080028b4   0x080028b4   0x00000024   Code   RO         2065    i.HAL_Init          stm32f1xx_hal.o
    0x080028d8   0x080028d8   0x0000008c   Code   RO          999    i.HAL_InitTick      stm32f1xx_hal_timebase_tim.o
    0x08002964   0x08002964   0x00000048   Code   RO          975    i.HAL_MspInit       stm32f1xx_hal_msp.o
    0x080029ac   0x080029ac   0x0000001a   Code   RO         2524    i.HAL_NVIC_EnableIRQ  stm32f1xx_hal_cortex.o
    0x080029c6   0x080029c6   0x00000002   PAD
    0x080029c8   0x080029c8   0x00000040   Code   RO         2530    i.HAL_NVIC_SetPriority  stm32f1xx_hal_cortex.o
    0x08002a08   0x08002a08   0x00000024   Code   RO         2531    i.HAL_NVIC_SetPriorityGrouping  stm32f1xx_hal_cortex.o
    0x08002a2c   0x08002a2c   0x0000012c   Code   RO         2222    i.HAL_RCC_ClockConfig  stm32f1xx_hal_rcc.o
    0x08002b58   0x08002b58   0x00000040   Code   RO         2226    i.HAL_RCC_GetClockConfig  stm32f1xx_hal_rcc.o
    0x08002b98   0x08002b98   0x00000020   Code   RO         2229    i.HAL_RCC_GetPCLK1Freq  stm32f1xx_hal_rcc.o
    0x08002bb8   0x08002bb8   0x00000020   Code   RO         2230    i.HAL_RCC_GetPCLK2Freq  stm32f1xx_hal_rcc.o
    0x08002bd8   0x08002bd8   0x0000004c   Code   RO         2231    i.HAL_RCC_GetSysClockFreq  stm32f1xx_hal_rcc.o
    0x08002c24   0x08002c24   0x00000320   Code   RO         2234    i.HAL_RCC_OscConfig  stm32f1xx_hal_rcc.o
    0x08002f44   0x08002f44   0x00000002   Code   RO         1780    i.HAL_TIMEx_BreakCallback  stm32f1xx_hal_tim_ex.o
    0x08002f46   0x08002f46   0x00000002   Code   RO         1781    i.HAL_TIMEx_CommutCallback  stm32f1xx_hal_tim_ex.o
    0x08002f48   0x08002f48   0x00000068   Code   RO         1799    i.HAL_TIMEx_MasterConfigSynchronization  stm32f1xx_hal_tim_ex.o
    0x08002fb0   0x08002fb0   0x0000005a   Code   RO         1076    i.HAL_TIM_Base_Init  stm32f1xx_hal_tim.o
    0x0800300a   0x0800300a   0x00000002   PAD
    0x0800300c   0x0800300c   0x00000038   Code   RO          773    i.HAL_TIM_Base_MspInit  tim.o
    0x08003044   0x08003044   0x00000058   Code   RO         1081    i.HAL_TIM_Base_Start_IT  stm32f1xx_hal_tim.o
    0x0800309c   0x0800309c   0x000000dc   Code   RO         1085    i.HAL_TIM_ConfigClockSource  stm32f1xx_hal_tim.o
    0x08003178   0x08003178   0x000000a4   Code   RO         1097    i.HAL_TIM_Encoder_Init  stm32f1xx_hal_tim.o
    0x0800321c   0x0800321c   0x00000058   Code   RO          775    i.HAL_TIM_Encoder_MspInit  tim.o
    0x08003274   0x08003274   0x0000008e   Code   RO         1100    i.HAL_TIM_Encoder_Start  stm32f1xx_hal_tim.o
    0x08003302   0x08003302   0x00000002   Code   RO         1110    i.HAL_TIM_IC_CaptureCallback  stm32f1xx_hal_tim.o
    0x08003304   0x08003304   0x00000130   Code   RO         1124    i.HAL_TIM_IRQHandler  stm32f1xx_hal_tim.o
    0x08003434   0x08003434   0x00000002   Code   RO         1127    i.HAL_TIM_OC_DelayElapsedCallback  stm32f1xx_hal_tim.o
    0x08003436   0x08003436   0x00000002   Code   RO         1154    i.HAL_TIM_PWM_PulseFinishedCallback  stm32f1xx_hal_tim.o
    0x08003438   0x08003438   0x00000014   Code   RO          500    i.HAL_TIM_PeriodElapsedCallback  main.o
    0x0800344c   0x0800344c   0x00000002   Code   RO         1167    i.HAL_TIM_TriggerCallback  stm32f1xx_hal_tim.o
    0x0800344e   0x0800344e   0x00000002   Code   RO         3473    i.HAL_UARTEx_RxEventCallback  stm32f1xx_hal_uart.o
    0x08003450   0x08003450   0x00000002   Code   RO         3487    i.HAL_UART_ErrorCallback  stm32f1xx_hal_uart.o
    0x08003452   0x08003452   0x00000002   PAD
    0x08003454   0x08003454   0x0000026c   Code   RO         3490    i.HAL_UART_IRQHandler  stm32f1xx_hal_uart.o
    0x080036c0   0x080036c0   0x00000064   Code   RO         3491    i.HAL_UART_Init     stm32f1xx_hal_uart.o
    0x08003724   0x08003724   0x000000b0   Code   RO          833    i.HAL_UART_MspInit  usart.o
    0x080037d4   0x080037d4   0x0000001c   Code   RO         3495    i.HAL_UART_Receive_DMA  stm32f1xx_hal_uart.o
    0x080037f0   0x080037f0   0x00000002   Code   RO         3497    i.HAL_UART_RxCpltCallback  stm32f1xx_hal_uart.o
    0x080037f2   0x080037f2   0x00000002   Code   RO         3498    i.HAL_UART_RxHalfCpltCallback  stm32f1xx_hal_uart.o
    0x080037f4   0x080037f4   0x000000a0   Code   RO         3499    i.HAL_UART_Transmit  stm32f1xx_hal_uart.o
    0x08003894   0x08003894   0x00000002   Code   RO         3502    i.HAL_UART_TxCpltCallback  stm32f1xx_hal_uart.o
    0x08003896   0x08003896   0x00000002   PAD
    0x08003898   0x08003898   0x00000020   Code   RO          879    i.HardFault_Handler  stm32f1xx_it.o
    0x080038b8   0x080038b8   0x0000000c   Code   RO          880    i.I2C1_ER_IRQHandler  stm32f1xx_it.o
    0x080038c4   0x080038c4   0x0000000c   Code   RO          881    i.I2C1_EV_IRQHandler  stm32f1xx_it.o
    0x080038d0   0x080038d0   0x000000bc   Code   RO         3073    i.I2C_DMAAbort      stm32f1xx_hal_i2c.o
    0x0800398c   0x0800398c   0x00000010   Code   RO         3076    i.I2C_Flush_DR      stm32f1xx_hal_i2c.o
    0x0800399c   0x0800399c   0x00000158   Code   RO         3077    i.I2C_ITError       stm32f1xx_hal_i2c.o
    0x08003af4   0x08003af4   0x0000002e   Code   RO         3078    i.I2C_IsAcknowledgeFailed  stm32f1xx_hal_i2c.o
    0x08003b22   0x08003b22   0x000000da   Code   RO         3079    i.I2C_MasterReceive_BTF  stm32f1xx_hal_i2c.o
    0x08003bfc   0x08003bfc   0x000000f4   Code   RO         3080    i.I2C_MasterReceive_RXNE  stm32f1xx_hal_i2c.o
    0x08003cf0   0x08003cf0   0x000000ec   Code   RO         3081    i.I2C_MasterRequestRead  stm32f1xx_hal_i2c.o
    0x08003ddc   0x08003ddc   0x0000009c   Code   RO         3082    i.I2C_MasterRequestWrite  stm32f1xx_hal_i2c.o
    0x08003e78   0x08003e78   0x00000082   Code   RO         3083    i.I2C_MasterTransmit_BTF  stm32f1xx_hal_i2c.o
    0x08003efa   0x08003efa   0x00000002   PAD
    0x08003efc   0x08003efc   0x000000b6   Code   RO         3084    i.I2C_MasterTransmit_TXE  stm32f1xx_hal_i2c.o
    0x08003fb2   0x08003fb2   0x00000002   PAD
    0x08003fb4   0x08003fb4   0x00000158   Code   RO         3085    i.I2C_Master_ADDR   stm32f1xx_hal_i2c.o
    0x0800410c   0x0800410c   0x0000008c   Code   RO         3086    i.I2C_Master_SB     stm32f1xx_hal_i2c.o
    0x08004198   0x08004198   0x000000a8   Code   RO         3087    i.I2C_MemoryTransmit_TXE_BTF  stm32f1xx_hal_i2c.o
    0x08004240   0x08004240   0x000000a8   Code   RO         3089    i.I2C_RequestMemoryWrite  stm32f1xx_hal_i2c.o
    0x080042e8   0x080042e8   0x00000046   Code   RO         3090    i.I2C_Slave_ADDR    stm32f1xx_hal_i2c.o
    0x0800432e   0x0800432e   0x00000002   PAD
    0x08004330   0x08004330   0x00000090   Code   RO         3091    i.I2C_Slave_AF      stm32f1xx_hal_i2c.o
    0x080043c0   0x080043c0   0x0000015c   Code   RO         3092    i.I2C_Slave_STOPF   stm32f1xx_hal_i2c.o
    0x0800451c   0x0800451c   0x00000056   Code   RO         3093    i.I2C_WaitOnBTFFlagUntilTimeout  stm32f1xx_hal_i2c.o
    0x08004572   0x08004572   0x00000002   PAD
    0x08004574   0x08004574   0x00000090   Code   RO         3094    i.I2C_WaitOnFlagUntilTimeout  stm32f1xx_hal_i2c.o
    0x08004604   0x08004604   0x000000bc   Code   RO         3095    i.I2C_WaitOnMasterAddressFlagUntilTimeout  stm32f1xx_hal_i2c.o
    0x080046c0   0x080046c0   0x00000070   Code   RO         3096    i.I2C_WaitOnRXNEFlagUntilTimeout  stm32f1xx_hal_i2c.o
    0x08004730   0x08004730   0x00000056   Code   RO         3097    i.I2C_WaitOnTXEFlagUntilTimeout  stm32f1xx_hal_i2c.o
    0x08004786   0x08004786   0x00000034   Code   RO          448    i.IncrementTime     freertos_tasks.o
    0x080047ba   0x080047ba   0x00000002   PAD
    0x080047bc   0x080047bc   0x000000d4   Code   RO          208    i.MPU6050_CalibrateGyro  mpu6050.o
    0x08004890   0x08004890   0x000000dc   Code   RO          209    i.MPU6050_Init      mpu6050.o
    0x0800496c   0x0800496c   0x00000240   Code   RO          210    i.MPU6050_ReadAll   mpu6050.o
    0x08004bac   0x08004bac   0x0000002c   Code   RO          697    i.MX_DMA_Init       dma.o
    0x08004bd8   0x08004bd8   0x00000384   Code   RO          588    i.MX_FREERTOS_Init  freertos.o
    0x08004f5c   0x08004f5c   0x000000b0   Code   RO          556    i.MX_GPIO_Init      gpio.o
    0x0800500c   0x0800500c   0x00000040   Code   RO          732    i.MX_I2C1_Init      i2c.o
    0x0800504c   0x0800504c   0x00000068   Code   RO          776    i.MX_TIM2_Init      tim.o
    0x080050b4   0x080050b4   0x00000080   Code   RO          777    i.MX_TIM3_Init      tim.o
    0x08005134   0x08005134   0x00000038   Code   RO          834    i.MX_USART1_UART_Init  usart.o
    0x0800516c   0x0800516c   0x00000002   Code   RO          882    i.MemManage_Handler  stm32f1xx_it.o
    0x0800516e   0x0800516e   0x00000002   Code   RO          883    i.NMI_Handler       stm32f1xx_it.o
    0x08005170   0x08005170   0x00000150   Code   RO          266    i.ParseReceivedByte  bluetooth.o
    0x080052c0   0x080052c0   0x00000078   Code   RO          449    i.ReadEncoderButton  freertos_tasks.o
    0x08005338   0x08005338   0x0000000c   Code   RO          589    i.SetAlarm          freertos.o
    0x08005344   0x08005344   0x000000bc   Code   RO          450    i.StepDetection     freertos_tasks.o
    0x08005400   0x08005400   0x0000002c   Code   RO         5090    i.SysTick_Handler   port.o
    0x0800542c   0x0800542c   0x0000005e   Code   RO          501    i.SystemClock_Config  main.o
    0x0800548a   0x0800548a   0x00000002   Code   RO         3825    i.SystemInit        system_stm32f1xx.o
    0x0800548c   0x0800548c   0x0000000c   Code   RO          884    i.TIM1_UP_IRQHandler  stm32f1xx_it.o
    0x08005498   0x08005498   0x0000000c   Code   RO          885    i.TIM2_IRQHandler   stm32f1xx_it.o
    0x080054a4   0x080054a4   0x00000078   Code   RO         1169    i.TIM_Base_SetConfig  stm32f1xx_hal_tim.o
    0x0800551c   0x0800551c   0x0000001a   Code   RO         1170    i.TIM_CCxChannelCmd  stm32f1xx_hal_tim.o
    0x08005536   0x08005536   0x00000014   Code   RO         1180    i.TIM_ETR_SetConfig  stm32f1xx_hal_tim.o
    0x0800554a   0x0800554a   0x00000010   Code   RO         1181    i.TIM_ITRx_SetConfig  stm32f1xx_hal_tim.o
    0x0800555a   0x0800555a   0x00000022   Code   RO         1187    i.TIM_TI1_ConfigInputStage  stm32f1xx_hal_tim.o
    0x0800557c   0x0800557c   0x00000024   Code   RO         1189    i.TIM_TI2_ConfigInputStage  stm32f1xx_hal_tim.o
    0x080055a0   0x080055a0   0x00000010   Code   RO         3504    i.UART_DMAAbortOnError  stm32f1xx_hal_uart.o
    0x080055b0   0x080055b0   0x0000004a   Code   RO         3505    i.UART_DMAError     stm32f1xx_hal_uart.o
    0x080055fa   0x080055fa   0x00000086   Code   RO         3506    i.UART_DMAReceiveCplt  stm32f1xx_hal_uart.o
    0x08005680   0x08005680   0x0000001e   Code   RO         3508    i.UART_DMARxHalfCplt  stm32f1xx_hal_uart.o
    0x0800569e   0x0800569e   0x0000004e   Code   RO         3514    i.UART_EndRxTransfer  stm32f1xx_hal_uart.o
    0x080056ec   0x080056ec   0x0000001c   Code   RO         3515    i.UART_EndTxTransfer  stm32f1xx_hal_uart.o
    0x08005708   0x08005708   0x000000c2   Code   RO         3516    i.UART_Receive_IT   stm32f1xx_hal_uart.o
    0x080057ca   0x080057ca   0x00000002   PAD
    0x080057cc   0x080057cc   0x000000b8   Code   RO         3517    i.UART_SetConfig    stm32f1xx_hal_uart.o
    0x08005884   0x08005884   0x00000090   Code   RO         3518    i.UART_Start_Receive_DMA  stm32f1xx_hal_uart.o
    0x08005914   0x08005914   0x00000072   Code   RO         3520    i.UART_WaitOnFlagUntilTimeout  stm32f1xx_hal_uart.o
    0x08005986   0x08005986   0x00000002   PAD
    0x08005988   0x08005988   0x00000020   Code   RO          886    i.USART1_IRQHandler  stm32f1xx_it.o
    0x080059a8   0x080059a8   0x00000010   Code   RO          267    i.UartLock          bluetooth.o
    0x080059b8   0x080059b8   0x0000000c   Code   RO          268    i.UartUnLock        bluetooth.o
    0x080059c4   0x080059c4   0x00000002   Code   RO          887    i.UsageFault_Handler  stm32f1xx_it.o
    0x080059c6   0x080059c6   0x00000028   Code   RO         5391    i.__ARM_fpclassify  m_ws.l(fpclassify.o)
    0x080059ee   0x080059ee   0x00000026   Code   RO         5312    i.__ARM_fpclassifyf  m_ws.l(fpclassifyf.o)
    0x08005a14   0x08005a14   0x00000020   Code   RO         2537    i.__NVIC_SetPriority  stm32f1xx_hal_cortex.o
    0x08005a34   0x08005a34   0x00000004   Code   RO         5316    i.__mathlib_flt_infnan2  m_ws.l(funder.o)
    0x08005a38   0x08005a38   0x0000000a   Code   RO         5320    i.__mathlib_flt_underflow  m_ws.l(funder.o)
    0x08005a42   0x08005a42   0x0000000e   Code   RO         5192    i._is_digit         c_w.l(__printf_wp.o)
    0x08005a50   0x08005a50   0x0000025c   Code   RO         5267    i.atan2f            m_ws.l(atan2f.o)
    0x08005cac   0x08005cac   0x0000000c   Code   RO         4653    i.inHandlerMode     cmsis_os.o
    0x08005cb8   0x08005cb8   0x0000009c   Code   RO          502    i.main              main.o
    0x08005d54   0x08005d54   0x0000000c   Code   RO         4655    i.makeFreeRtosPriority  cmsis_os.o
    0x08005d60   0x08005d60   0x0000000a   Code   RO         4660    i.osKernelStart     cmsis_os.o
    0x08005d6a   0x08005d6a   0x00000010   Code   RO         4675    i.osMutexCreate     cmsis_os.o
    0x08005d7a   0x08005d7a   0x00000002   PAD
    0x08005d7c   0x08005d7c   0x00000050   Code   RO         4677    i.osMutexRelease    cmsis_os.o
    0x08005dcc   0x08005dcc   0x00000064   Code   RO         4678    i.osMutexWait       cmsis_os.o
    0x08005e30   0x08005e30   0x0000003e   Code   RO         4686    i.osSemaphoreCreate  cmsis_os.o
    0x08005e6e   0x08005e6e   0x00000002   PAD
    0x08005e70   0x08005e70   0x00000050   Code   RO         4689    i.osSemaphoreRelease  cmsis_os.o
    0x08005ec0   0x08005ec0   0x00000064   Code   RO         4690    i.osSemaphoreWait   cmsis_os.o
    0x08005f24   0x08005f24   0x00000054   Code   RO         4694    i.osThreadCreate    cmsis_os.o
    0x08005f78   0x08005f78   0x00000070   Code   RO         4331    i.prvAddCurrentTaskToDelayedList  tasks.o
    0x08005fe8   0x08005fe8   0x000000d0   Code   RO         4332    i.prvAddNewTaskToReadyList  tasks.o
    0x080060b8   0x080060b8   0x00000026   Code   RO         4007    i.prvCopyDataFromQueue  queue.o
    0x080060de   0x080060de   0x0000006c   Code   RO         4008    i.prvCopyDataToQueue  queue.o
    0x0800614a   0x0800614a   0x00000034   Code   RO         4333    i.prvDeleteTCB      tasks.o
    0x0800617e   0x0800617e   0x00000002   PAD
    0x08006180   0x08006180   0x0000004c   Code   RO         5022    i.prvHeapInit       heap_4.o
    0x080061cc   0x080061cc   0x00000060   Code   RO         4334    i.prvIdleTask       tasks.o
    0x0800622c   0x0800622c   0x00000016   Code   RO         4009    i.prvInitialiseMutex  queue.o
    0x08006242   0x08006242   0x00000016   Code   RO         4010    i.prvInitialiseNewQueue  queue.o
    0x08006258   0x08006258   0x00000098   Code   RO         4335    i.prvInitialiseNewTask  tasks.o
    0x080062f0   0x080062f0   0x0000004c   Code   RO         5023    i.prvInsertBlockIntoFreeList  heap_4.o
    0x0800633c   0x0800633c   0x0000001c   Code   RO         4011    i.prvIsQueueEmpty   queue.o
    0x08006358   0x08006358   0x00000020   Code   RO         4336    i.prvResetNextTaskUnblockTime  tasks.o
    0x08006378   0x08006378   0x00000028   Code   RO         5091    i.prvTaskExitError  port.o
    0x080063a0   0x080063a0   0x0000006a   Code   RO         4012    i.prvUnlockQueue    queue.o
    0x0800640a   0x0800640a   0x00000002   PAD
    0x0800640c   0x0800640c   0x000000dc   Code   RO         5024    i.pvPortMalloc      heap_4.o
    0x080064e8   0x080064e8   0x00000018   Code   RO         4338    i.pvTaskIncrementMutexHeldCount  tasks.o
    0x08006500   0x08006500   0x00000024   Code   RO         5092    i.pxPortInitialiseStack  port.o
    0x08006524   0x08006524   0x0000002c   Code   RO         5275    i.sqrtf             m_ws.l(sqrtf.o)
    0x08006550   0x08006550   0x00000020   Code   RO           29    i.ssd1306_Clear     ssd1306.o
    0x08006570   0x08006570   0x000000a6   Code   RO           30    i.ssd1306_Init      ssd1306.o
    0x08006616   0x08006616   0x00000014   Code   RO           31    i.ssd1306_SetContrast  ssd1306.o
    0x0800662a   0x0800662a   0x00000002   PAD
    0x0800662c   0x0800662c   0x0000000c   Code   RO           32    i.ssd1306_SetCursor  ssd1306.o
    0x08006638   0x08006638   0x0000004c   Code   RO           33    i.ssd1306_UpdateScreen  ssd1306.o
    0x08006684   0x08006684   0x00000020   Code   RO           35    i.ssd1306_WriteCommand  ssd1306.o
    0x080066a4   0x080066a4   0x00000064   Code   RO           38    i.ssd1306_WriteString  ssd1306.o
    0x08006708   0x08006708   0x00000026   Code   RO         3967    i.uxListRemove      list.o
    0x0800672e   0x0800672e   0x00000002   PAD
    0x08006730   0x08006730   0x00000014   Code   RO          591    i.vApplicationGetIdleTaskMemory  freertos.o
    0x08006744   0x08006744   0x00000016   Code   RO         3968    i.vListInitialise   list.o
    0x0800675a   0x0800675a   0x00000006   Code   RO         3969    i.vListInitialiseItem  list.o
    0x08006760   0x08006760   0x00000030   Code   RO         3970    i.vListInsert       list.o
    0x08006790   0x08006790   0x00000018   Code   RO         3971    i.vListInsertEnd    list.o
    0x080067a8   0x080067a8   0x00000040   Code   RO         5094    i.vPortEnterCritical  port.o
    0x080067e8   0x080067e8   0x00000028   Code   RO         5095    i.vPortExitCritical  port.o
    0x08006810   0x08006810   0x00000064   Code   RO         5025    i.vPortFree         heap_4.o
    0x08006874   0x08006874   0x00000024   Code   RO         5096    i.vPortSetupTimerInterrupt  port.o
    0x08006898   0x08006898   0x00000054   Code   RO         5097    i.vPortValidateInterruptPriority  port.o
    0x080068ec   0x080068ec   0x0000004c   Code   RO         4345    i.vTaskDelay        tasks.o
    0x08006938   0x08006938   0x0000008c   Code   RO         4346    i.vTaskDelayUntil   tasks.o
    0x080069c4   0x080069c4   0x000000ac   Code   RO         4347    i.vTaskDelete       tasks.o
    0x08006a70   0x08006a70   0x000000b0   Code   RO          592    i.vTaskHardwareInit  freertos.o
    0x08006b20   0x08006b20   0x00000010   Code   RO         4349    i.vTaskInternalSetTimeOutState  tasks.o
    0x08006b30   0x08006b30   0x0000000c   Code   RO         4350    i.vTaskMissedYield  tasks.o
    0x08006b3c   0x08006b3c   0x00000030   Code   RO         4352    i.vTaskPlaceOnEventList  tasks.o
    0x08006b6c   0x08006b6c   0x000000a0   Code   RO         4354    i.vTaskPriorityDisinheritAfterTimeout  tasks.o
    0x08006c0c   0x08006c0c   0x0000006c   Code   RO         4359    i.vTaskStartScheduler  tasks.o
    0x08006c78   0x08006c78   0x00000010   Code   RO         4361    i.vTaskSuspendAll   tasks.o
    0x08006c88   0x08006c88   0x0000005c   Code   RO         4362    i.vTaskSwitchContext  tasks.o
    0x08006ce4   0x08006ce4   0x00000074   Code   RO          593    i.vTask_Bluetooth   freertos.o
    0x08006d58   0x08006d58   0x00000be8   Code   RO          595    i.vTask_Display     freertos.o
    0x08007940   0x08007940   0x000003b4   Code   RO          596    i.vTask_Menu        freertos.o
    0x08007cf4   0x08007cf4   0x000000a4   Code   RO          597    i.vTask_Sensor      freertos.o
    0x08007d98   0x08007d98   0x000000ac   Code   RO          598    i.vTask_TimeKeep    freertos.o
    0x08007e44   0x08007e44   0x000000a8   Code   RO         5098    i.xPortStartScheduler  port.o
    0x08007eec   0x08007eec   0x00000016   Code   RO         4019    i.xQueueCreateMutex  queue.o
    0x08007f02   0x08007f02   0x0000001a   Code   RO         4020    i.xQueueCreateMutexStatic  queue.o
    0x08007f1c   0x08007f1c   0x00000042   Code   RO         4021    i.xQueueGenericCreate  queue.o
    0x08007f5e   0x08007f5e   0x00000066   Code   RO         4022    i.xQueueGenericCreateStatic  queue.o
    0x08007fc4   0x08007fc4   0x00000088   Code   RO         4023    i.xQueueGenericReset  queue.o
    0x0800804c   0x0800804c   0x00000160   Code   RO         4024    i.xQueueGenericSend  queue.o
    0x080081ac   0x080081ac   0x0000009c   Code   RO         4026    i.xQueueGiveFromISR  queue.o
    0x08008248   0x08008248   0x00000138   Code   RO         4031    i.xQueueReceive     queue.o
    0x08008380   0x08008380   0x0000009a   Code   RO         4032    i.xQueueReceiveFromISR  queue.o
    0x0800841a   0x0800841a   0x00000002   PAD
    0x0800841c   0x0800841c   0x00000178   Code   RO         4033    i.xQueueSemaphoreTake  queue.o
    0x08008594   0x08008594   0x00000074   Code   RO         4364    i.xTaskCheckForTimeOut  tasks.o
    0x08008608   0x08008608   0x0000005a   Code   RO         4365    i.xTaskCreate       tasks.o
    0x08008662   0x08008662   0x00000056   Code   RO         4366    i.xTaskCreateStatic  tasks.o
    0x080086b8   0x080086b8   0x0000001c   Code   RO         4370    i.xTaskGetSchedulerState  tasks.o
    0x080086d4   0x080086d4   0x0000000c   Code   RO         4371    i.xTaskGetTickCount  tasks.o
    0x080086e0   0x080086e0   0x000000cc   Code   RO         4373    i.xTaskIncrementTick  tasks.o
    0x080087ac   0x080087ac   0x00000098   Code   RO         4376    i.xTaskPriorityDisinherit  tasks.o
    0x08008844   0x08008844   0x0000008c   Code   RO         4377    i.xTaskPriorityInherit  tasks.o
    0x080088d0   0x080088d0   0x00000078   Code   RO         4378    i.xTaskRemoveFromEventList  tasks.o
    0x08008948   0x08008948   0x000000c4   Code   RO         4379    i.xTaskResumeAll    tasks.o
    0x08008a0c   0x08008a0c   0x0000002c   Code   RO         5385    locale$$code        c_w.l(lc_numeric_c.o)
    0x08008a38   0x08008a38   0x0000000c   Code   RO         5299    x$fpl$dretinf       fz_ws.l(dretinf.o)
    0x08008a44   0x08008a44   0x00000056   Code   RO         5228    x$fpl$f2d           fz_ws.l(f2d.o)
    0x08008a9a   0x08008a9a   0x00000002   PAD
    0x08008a9c   0x08008a9c   0x000000c4   Code   RO         5230    x$fpl$fadd          fz_ws.l(faddsub_clz.o)
    0x08008b60   0x08008b60   0x0000000c   Code   RO         5301    x$fpl$fcheck1       fz_ws.l(fcheck1.o)
    0x08008b6c   0x08008b6c   0x00000018   Code   RO         5303    x$fpl$fcmpinf       fz_ws.l(fcmpi.o)
    0x08008b84   0x08008b84   0x00000184   Code   RO         5237    x$fpl$fdiv          fz_ws.l(fdiv.o)
    0x08008d08   0x08008d08   0x00000030   Code   RO         5245    x$fpl$fflt          fz_ws.l(fflt_clz.o)
    0x08008d38   0x08008d38   0x00000026   Code   RO         5244    x$fpl$ffltu         fz_ws.l(fflt_clz.o)
    0x08008d5e   0x08008d5e   0x00000002   PAD
    0x08008d60   0x08008d60   0x00000068   Code   RO         5250    x$fpl$fleqf         fz_ws.l(fleqf.o)
    0x08008dc8   0x08008dc8   0x00000102   Code   RO         5252    x$fpl$fmul          fz_ws.l(fmul.o)
    0x08008eca   0x08008eca   0x0000008c   Code   RO         5305    x$fpl$fnaninf       fz_ws.l(fnaninf.o)
    0x08008f56   0x08008f56   0x0000000a   Code   RO         5307    x$fpl$fretinf       fz_ws.l(fretinf.o)
    0x08008f60   0x08008f60   0x00000062   Code   RO         5254    x$fpl$frleqf        fz_ws.l(frleqf.o)
    0x08008fc2   0x08008fc2   0x00000014   Code   RO         5231    x$fpl$frsb          fz_ws.l(faddsub_clz.o)
    0x08008fd6   0x08008fd6   0x00000002   PAD
    0x08008fd8   0x08008fd8   0x00000110   Code   RO         5309    x$fpl$fsqrt         fz_ws.l(fsqrt.o)
    0x080090e8   0x080090e8   0x000000ea   Code   RO         5232    x$fpl$fsub          fz_ws.l(faddsub_clz.o)
    0x080091d2   0x080091d2   0x00000004   Code   RO         5256    x$fpl$printf1       fz_ws.l(printf1.o)
    0x080091d6   0x080091d6   0x00000064   Code   RO         5389    x$fpl$retnan        fz_ws.l(retnan.o)
    0x0800923a   0x0800923a   0x0000004c   Code   RO         5264    x$fpl$scalbnf       fz_ws.l(scalbnf.o)
    0x08009286   0x08009286   0x00000030   Code   RO         5453    x$fpl$trapveneer    fz_ws.l(trapv.o)
    0x080092b6   0x080092b6   0x00000000   Code   RO         5311    x$fpl$usenofp       fz_ws.l(usenofp.o)
    0x080092b6   0x080092b6   0x00000240   Data   RO           10    .constdata          font5x8.o
    0x080094f6   0x080094f6   0x00000002   PAD
    0x080094f8   0x080094f8   0x000000a8   Data   RO          600    .constdata          freertos.o
    0x080095a0   0x080095a0   0x00000012   Data   RO         2235    .constdata          stm32f1xx_hal_rcc.o
    0x080095b2   0x080095b2   0x00000010   Data   RO         3826    .constdata          system_stm32f1xx.o
    0x080095c2   0x080095c2   0x00000008   Data   RO         3827    .constdata          system_stm32f1xx.o
    0x080095ca   0x080095ca   0x00000011   Data   RO         5200    .constdata          c_w.l(__printf_flags_ss_wp.o)
    0x080095db   0x080095db   0x00000001   PAD
    0x080095dc   0x080095dc   0x00000094   Data   RO         5360    .constdata          c_w.l(bigflt0.o)
    0x08009670   0x08009670   0x00000050   Data   RO          601    .conststring        freertos.o
    0x080096c0   0x080096c0   0x00000020   Data   RO         5534    Region$$Table       anon$$obj.o
    0x080096e0   0x080096e0   0x0000001c   Data   RO         5384    locale$$data        c_w.l(lc_numeric_c.o)


    Execution Region RW_IRAM1 (Exec base: 0x20000000, Load base: 0x080096fc, Size: 0x00003458, Max: 0x00005000, ABSOLUTE, COMPRESSED[0x00000024])

    Exec Addr    Load Addr    Size         Type   Attr      Idx    E Section Name        Object

    0x20000000   COMPRESSED   0x00000004   Data   RW           40    .data               ssd1306.o
    0x20000004   COMPRESSED   0x00000014   Data   RW          212    .data               mpu6050.o
    0x20000018   COMPRESSED   0x0000000c   Data   RW          270    .data               bluetooth.o
    0x20000024   COMPRESSED   0x0000001c   Data   RW          451    .data               freertos_tasks.o
    0x20000040   COMPRESSED   0x00000074   Data   RW          602    .data               freertos.o
    0x200000b4   COMPRESSED   0x0000000c   Data   RW         2072    .data               stm32f1xx_hal.o
    0x200000c0   COMPRESSED   0x00000004   Data   RW         3828    .data               system_stm32f1xx.o
    0x200000c4   COMPRESSED   0x0000003c   Data   RW         4382    .data               tasks.o
    0x20000100   COMPRESSED   0x00000020   Data   RW         5031    .data               heap_4.o
    0x20000120   COMPRESSED   0x0000000c   Data   RW         5099    .data               port.o
    0x2000012c        -       0x00000400   Zero   RW           39    .bss                ssd1306.o
    0x2000052c        -       0x0000000c   Zero   RW          211    .bss                mpu6050.o
    0x20000538        -       0x00000180   Zero   RW          269    .bss                bluetooth.o
    0x200006b8        -       0x000002a4   Zero   RW          599    .bss                freertos.o
    0x2000095c        -       0x00000054   Zero   RW          733    .bss                i2c.o
    0x200009b0        -       0x00000090   Zero   RW          778    .bss                tim.o
    0x20000a40        -       0x0000008c   Zero   RW          835    .bss                usart.o
    0x20000acc        -       0x00000048   Zero   RW         1002    .bss                stm32f1xx_hal_timebase_tim.o
    0x20000b14        -       0x000002e4   Zero   RW         4381    .bss                tasks.o
    0x20000df8        -       0x00002000   Zero   RW         5030    .bss                heap_4.o
    0x20002df8        -       0x00000060   Zero   RW         5394    .bss                c_w.l(libspace.o)
    0x20002e58        -       0x00000200   Zero   RW            2    HEAP                startup_stm32f103xb.o
    0x20003058        -       0x00000400   Zero   RW            1    STACK               startup_stm32f103xb.o


==============================================================================

Image component sizes


      Code (inc. data)   RO Data    RW Data    ZI Data      Debug   Object Name

       774        138          0         12        384      40809   bluetooth.o
       556         20          0          0          0      32373   cmsis_os.o
        44          4          0          0          0        718   dma.o
         0          0          0          0          0      20368   event_groups.o
         0          0        576          0          0       4982   font5x8.o
      5576       1734        248        116        676      13122   freertos.o
       360         16          0         28          0       2892   freertos_tasks.o
       200         18          0          0          0       1338   gpio.o
       472         24          0         32       8192       7803   heap_4.o
       188         26          0          0         84       1569   i2c.o
       138          0          0          0          0       3758   list.o
       274         54          0          0          0       2596   main.o
      1008        108          0         20         12       4113   mpu6050.o
       662         70          0         12          0      12461   port.o
      2026         18          0          0          0      22418   queue.o
       438         40          0          4       1024     434603   ssd1306.o
        64         26        236          0       1536        792   startup_stm32f103xb.o
       100         18          0         12          0       5606   stm32f1xx_hal.o
       158         14          0          0          0      28606   stm32f1xx_hal_cortex.o
       814         36          0          0          0       6013   stm32f1xx_hal_dma.o
       526         40          0          0          0       4999   stm32f1xx_hal_gpio.o
      6122        110          0          0          0      36440   stm32f1xx_hal_i2c.o
        72         10          0          0          0        834   stm32f1xx_hal_msp.o
      1304         94         18          0          0       6157   stm32f1xx_hal_rcc.o
      1268         24          0          0          0      13296   stm32f1xx_hal_tim.o
       108         12          0          0          0       2665   stm32f1xx_hal_tim_ex.o
       140         22          0          0         72       1423   stm32f1xx_hal_timebase_tim.o
      1914         24          0          0          0      15698   stm32f1xx_hal_uart.o
       158         52          0          0          0       5480   stm32f1xx_it.o
         0          0          0          0          0        392   stream_buffer.o
         2          0         24          4          0       1115   system_stm32f1xx.o
      2660        214          0         60        740      31863   tasks.o
       376         34          0          0        144       2805   tim.o
       232         30          0          0        140       1701   usart.o

    ----------------------------------------------------------------------
     28782       3030       1136        300      13004     771808   Object Totals
         0          0         32          0          0          0   (incl. Generated)
        48          0          2          0          0          0   (incl. Padding)

    ----------------------------------------------------------------------

      Code (inc. data)   RO Data    RW Data    ZI Data      Debug   Library Member Name

        90          0          0          0          0          0   __dczerorl2.o
         8          0          0          0          0         68   __main.o
       392          4         17          0          0         92   __printf_flags_ss_wp.o
        14          0          0          0          0         68   __printf_wp.o
         0          0          0          0          0          0   __rtentry.o
        12          0          0          0          0          0   __rtentry2.o
         6          0          0          0          0          0   __rtentry4.o
        52          8          0          0          0          0   __scatter.o
        28          0          0          0          0          0   __scatter_zi.o
        44          0          0          0          0        108   _printf_char.o
        48          6          0          0          0         96   _printf_char_common.o
         6          0          0          0          0          0   _printf_d.o
       120         16          0          0          0         92   _printf_dec.o
         6          0          0          0          0          0   _printf_f.o
      1054          0          0          0          0        216   _printf_fp_dec.o
       128         16          0          0          0         84   _printf_fp_infnan.o
       178          0          0          0          0         88   _printf_intcommon.o
        78          0          0          0          0        108   _printf_pad.o
         0          0          0          0          0          0   _printf_percent.o
         4          0          0          0          0          0   _printf_percent_end.o
         6          0          0          0          0          0   _printf_s.o
        82          0          0          0          0         80   _printf_str.o
         6          0          0          0          0          0   _printf_u.o
        22          0          0          0          0        100   _rserrno.o
        10          0          0          0          0         68   _sputc.o
       228          4        148          0          0         96   bigflt0.o
      1936        128          0          0          0        672   btod.o
        18          0          0          0          0         80   exit.o
         6          0          0          0          0        152   heapauxi.o
         0          0          0          0          0          0   indicate_semi.o
        44         10         28          0          0         76   lc_numeric_c.o
         2          0          0          0          0          0   libinit.o
        18          0          0          0          0          0   libinit2.o
         2          0          0          0          0          0   libshutdown.o
         2          0          0          0          0          0   libshutdown2.o
         8          4          0          0         96         68   libspace.o
       138          0          0          0          0         80   lludiv10.o
        88          0          0          0          0         76   memcmp.o
        40          6          0          0          0         84   noretval__2sprintf.o
         8          4          0          0          0         68   rt_errno_addr_intlibspace.o
         8          4          0          0          0         68   rt_locale_intlibspace.o
        68          0          0          0          0         68   rt_memclr.o
        78          0          0          0          0         80   rt_memclr_w.o
       138          0          0          0          0         68   rt_memcpy_v6.o
       100          0          0          0          0         80   rt_memcpy_w.o
         2          0          0          0          0          0   rtexit.o
        10          0          0          0          0          0   rtexit2.o
       128          0          0          0          0         68   strcmpv7m.o
        62          0          0          0          0         76   strlen.o
        12          4          0          0          0         68   sys_exit.o
        74          0          0          0          0         80   sys_stackheap_outer.o
         2          0          0          0          0         68   use_no_semi.o
        12          0          0          0          0         68   dretinf.o
        86          4          0          0          0         84   f2d.o
       450          8          0          0          0        236   faddsub_clz.o
        12          4          0          0          0         68   fcheck1.o
        24          0          0          0          0         68   fcmpi.o
       388         76          0          0          0         96   fdiv.o
        86          0          0          0          0        136   fflt_clz.o
       104          4          0          0          0         84   fleqf.o
       258          4          0          0          0         84   fmul.o
       140          4          0          0          0         84   fnaninf.o
        10          0          0          0          0         68   fretinf.o
        98          0          0          0          0         68   frleqf.o
       272        100          0          0          0         88   fsqrt.o
         4          0          0          0          0         68   printf1.o
       100          0          0          0          0         68   retnan.o
        76          0          0          0          0         68   scalbnf.o
        48          0          0          0          0         68   trapv.o
         0          0          0          0          0          0   usenofp.o
       604         76          0          0          0        116   atan2f.o
        40          0          0          0          0         68   fpclassify.o
        38          0          0          0          0         68   fpclassifyf.o
        14          0          0          0          0        136   funder.o
        44          0          0          0          0         80   sqrtf.o

    ----------------------------------------------------------------------
      8540        494        194          0         96       5416   Library Totals
        18          0          1          0          0          0   (incl. Padding)

    ----------------------------------------------------------------------

      Code (inc. data)   RO Data    RW Data    ZI Data      Debug   Library Name

      5614        214        193          0         96       3444   c_w.l
      2168        204          0          0          0       1504   fz_ws.l
       740         76          0          0          0        468   m_ws.l

    ----------------------------------------------------------------------
      8540        494        194          0         96       5416   Library Totals

    ----------------------------------------------------------------------

==============================================================================


      Code (inc. data)   RO Data    RW Data    ZI Data      Debug   

     37322       3524       1330        300      13100     761932   Grand Totals
     37322       3524       1330         36      13100     761932   ELF Image Totals (compressed)
     37322       3524       1330         36          0          0   ROM Totals

==============================================================================

    Total RO  Size (Code + RO Data)                38652 (  37.75kB)
    Total RW  Size (RW Data + ZI Data)             13400 (  13.09kB)
    Total ROM Size (Code + RO Data + RW Data)      38688 (  37.78kB)

==============================================================================

